Component: ARM Compiler 5.06 update 4 (build 422) Tool: armlink [4d35d2]

==============================================================================

Section Cross References

    stm32f4xx_it.o(i.SysTick_Handler) refers to can.o(i.CAN_Send) for CAN_Send
    stm32f4xx_it.o(i.SysTick_Handler) refers to global_declare.o(.data) for Yaw1_Current
    main.o(i.main) refers to misc.o(i.NVIC_PriorityGroupConfig) for NVIC_PriorityGroupConfig
    main.o(i.main) refers to usart.o(i.USART1_Init) for USART1_Init
    main.o(i.main) refers to usart.o(i.USART2_Init) for USART2_Init
    main.o(i.main) refers to usart.o(i.USART3_Init) for USART3_Init
    main.o(i.main) refers to usart.o(i.USART6_Init) for USART6_Init
    main.o(i.main) refers to usart.o(i.UART5_Init) for UART5_Init
    main.o(i.main) refers to usart.o(i.UART4_Init) for UART4_Init
    main.o(i.main) refers to can.o(i.CAN1_Configuration) for CAN1_Configuration
    main.o(i.main) refers to can.o(i.CAN2_Configuration) for CAN2_Configuration
    main.o(i.main) refers to misc.o(i.SysTick_CLKSourceConfig) for SysTick_CLKSourceConfig
    main.o(i.main) refers to general_math.o(i.CalIWeakenPID) for CalIWeakenPID
    main.o(i.main) refers to general_math.o(i.Clip) for Clip
    main.o(i.main) refers to global_declare.o(.data) for g_uiAirValve
    main.o(i.main) refers to main.o(.data) for t
    system_stm32f4xx.o(i.SystemCoreClockUpdate) refers to system_stm32f4xx.o(.data) for SystemCoreClock
    system_stm32f4xx.o(i.SystemInit) refers to system_stm32f4xx.o(i.SetSysClock) for SetSysClock
    stm32f4xx_dma2d.o(i.DMA2D_DeInit) refers to stm32f4xx_rcc.o(i.RCC_AHB1PeriphResetCmd) for RCC_AHB1PeriphResetCmd
    stm32f4xx_can.o(i.CAN_DeInit) refers to stm32f4xx_rcc.o(i.RCC_APB1PeriphResetCmd) for RCC_APB1PeriphResetCmd
    stm32f4xx_can.o(i.CAN_GetITStatus) refers to stm32f4xx_can.o(i.CheckITStatus) for CheckITStatus
    led.o(i.RC_Init) refers to stm32f4xx_rcc.o(i.RCC_AHB1PeriphClockCmd) for RCC_AHB1PeriphClockCmd
    led.o(i.RC_Init) refers to stm32f4xx_rcc.o(i.RCC_APB2PeriphClockCmd) for RCC_APB2PeriphClockCmd
    led.o(i.RC_Init) refers to stm32f4xx_gpio.o(i.GPIO_PinAFConfig) for GPIO_PinAFConfig
    led.o(i.RC_Init) refers to stm32f4xx_gpio.o(i.GPIO_Init) for GPIO_Init
    led.o(i.RC_Init) refers to stm32f4xx_usart.o(i.USART_DeInit) for USART_DeInit
    led.o(i.RC_Init) refers to stm32f4xx_usart.o(i.USART_Init) for USART_Init
    led.o(i.RC_Init) refers to stm32f4xx_usart.o(i.USART_Cmd) for USART_Cmd
    led.o(i.RC_Init) refers to stm32f4xx_usart.o(i.USART_DMACmd) for USART_DMACmd
    led.o(i.RC_Init) refers to misc.o(i.NVIC_Init) for NVIC_Init
    led.o(i.RC_Init) refers to stm32f4xx_dma.o(i.DMA_DeInit) for DMA_DeInit
    led.o(i.RC_Init) refers to stm32f4xx_dma.o(i.DMA_DoubleBufferModeConfig) for DMA_DoubleBufferModeConfig
    led.o(i.RC_Init) refers to stm32f4xx_dma.o(i.DMA_DoubleBufferModeCmd) for DMA_DoubleBufferModeCmd
    led.o(i.RC_Init) refers to stm32f4xx_dma.o(i.DMA_Init) for DMA_Init
    led.o(i.RC_Init) refers to stm32f4xx_usart.o(i.USART_ITConfig) for USART_ITConfig
    led.o(i.RC_Init) refers to stm32f4xx_dma.o(i.DMA_Cmd) for DMA_Cmd
    led.o(i.RC_Init) refers to led.o(.bss) for sbus_rx_buffer
    led.o(i.RemoteDataProcess) refers to led.o(.bss) for RC_CtrlData
    led.o(i.USART1_IRQHandler) refers to stm32f4xx_usart.o(i.USART_GetITStatus) for USART_GetITStatus
    led.o(i.USART1_IRQHandler) refers to stm32f4xx_dma.o(i.DMA_GetCurrentMemoryTarget) for DMA_GetCurrentMemoryTarget
    led.o(i.USART1_IRQHandler) refers to stm32f4xx_dma.o(i.DMA_Cmd) for DMA_Cmd
    led.o(i.USART1_IRQHandler) refers to stm32f4xx_dma.o(i.DMA_GetCurrDataCounter) for DMA_GetCurrDataCounter
    led.o(i.USART1_IRQHandler) refers to led.o(i.RemoteDataProcess) for RemoteDataProcess
    led.o(i.USART1_IRQHandler) refers to led.o(.bss) for sbus_rx_buffer
    general_math.o(i.Angle_Inf_To_180) refers to f2d.o(x$fpl$f2d) for __aeabi_f2d
    general_math.o(i.Angle_Inf_To_180) refers to fabs.o(i.__hardfp_fabs) for __hardfp_fabs
    general_math.o(i.Angle_Inf_To_180) refers to drleqf.o(x$fpl$drleqf) for __aeabi_cdrcmple
    general_math.o(i.Angle_Inf_To_360) refers to general_math.o(i.Angle_Inf_To_180) for Angle_Inf_To_180
    general_math.o(i.CalIResistedPID) refers to general_math.o(i.Clip) for Clip
    general_math.o(i.CalIResistedPID) refers to f2d.o(x$fpl$f2d) for __aeabi_f2d
    general_math.o(i.CalIResistedPID) refers to fabs.o(i.__hardfp_fabs) for __hardfp_fabs
    general_math.o(i.CalIResistedPID) refers to dleqf.o(x$fpl$dleqf) for __aeabi_cdcmple
    general_math.o(i.CalIWeakenPID) refers to f2d.o(x$fpl$f2d) for __aeabi_f2d
    general_math.o(i.CalIWeakenPID) refers to fabs.o(i.__hardfp_fabs) for __hardfp_fabs
    general_math.o(i.CalIWeakenPID) refers to dleqf.o(x$fpl$dleqf) for __aeabi_cdcmple
    general_math.o(i.CalIWeakenPID) refers to general_math.o(i.Clip) for Clip
    general_math.o(i.Is_Float_Equal) refers to f2d.o(x$fpl$f2d) for __aeabi_f2d
[...]
    ../clib/signal.s                         0x00000000   Number         0  defsig.o ABSOLUTE
    ../clib/stdlib.c                         0x00000000   Number         0  exit.o ABSOLUTE
    ../fplib/basic.s                         0x00000000   Number         0  basic.o ABSOLUTE
    ../fplib/d2f.s                           0x00000000   Number         0  d2f.o ABSOLUTE
    ../fplib/daddsub.s                       0x00000000   Number         0  daddsub_clz.o ABSOLUTE
    ../fplib/dcmpi.s                         0x00000000   Number         0  dcmpi.o ABSOLUTE
    ../fplib/ddiv.s                          0x00000000   Number         0  ddiv.o ABSOLUTE
    ../fplib/dfix.s                          0x00000000   Number         0  dfix.o ABSOLUTE
    ../fplib/dflt.s                          0x00000000   Number         0  dflt_clz.o ABSOLUTE
    ../fplib/dleqf.s                         0x00000000   Number         0  dleqf.o ABSOLUTE
    ../fplib/dmul.s                          0x00000000   Number         0  dmul.o ABSOLUTE
    ../fplib/dnaninf.s                       0x00000000   Number         0  dnaninf.o ABSOLUTE
    ../fplib/dretinf.s                       0x00000000   Number         0  dretinf.o ABSOLUTE
    ../fplib/drleqf.s                        0x00000000   Number         0  drleqf.o ABSOLUTE
    ../fplib/f2d.s                           0x00000000   Number         0  f2d.o ABSOLUTE
    ../fplib/fnaninf.s                       0x00000000   Number         0  fnaninf.o ABSOLUTE
    ../fplib/fpinit.s                        0x00000000   Number         0  fpinit.o ABSOLUTE
    ../fplib/fretinf.s                       0x00000000   Number         0  fretinf.o ABSOLUTE
    ../fplib/usenofp.s                       0x00000000   Number         0  usenofp.o ABSOLUTE
    ../mathlib/cos_i.c                       0x00000000   Number         0  cos_i.o ABSOLUTE
    ../mathlib/dunder.c                      0x00000000   Number         0  dunder.o ABSOLUTE
    ../mathlib/fabs.c                        0x00000000   Number         0  fabs.o ABSOLUTE
    ../mathlib/fpclassify.c                  0x00000000   Number         0  fpclassify.o ABSOLUTE
    ../mathlib/poly.c                        0x00000000   Number         0  poly.o ABSOLUTE
    ../mathlib/rred.c                        0x00000000   Number         0  rred.o ABSOLUTE
    ../mathlib/sin.c                         0x00000000   Number         0  sin.o ABSOLUTE
    ../mathlib/sin.c                         0x00000000   Number         0  sin_x.o ABSOLUTE
    ../mathlib/sin_i.c                       0x00000000   Number         0  sin_i.o ABSOLUTE
    ../mathlib/sin_i.c                       0x00000000   Number         0  sin_i_x.o ABSOLUTE
    ..\CORE\startup_stm32f40_41xxx.s         0x00000000   Number         0  startup_stm32f40_41xxx.o ABSOLUTE
    ..\FWLIB\src\misc.c                      0x00000000   Number         0  misc.o ABSOLUTE
    ..\FWLIB\src\stm32f4xx_can.c             0x00000000   Number         0  stm32f4xx_can.o ABSOLUTE
    ..\FWLIB\src\stm32f4xx_dma.c             0x00000000   Number         0  stm32f4xx_dma.o ABSOLUTE
    ..\FWLIB\src\stm32f4xx_dma2d.c           0x00000000   Number         0  stm32f4xx_dma2d.o ABSOLUTE
    ..\FWLIB\src\stm32f4xx_gpio.c            0x00000000   Number         0  stm32f4xx_gpio.o ABSOLUTE
    ..\FWLIB\src\stm32f4xx_rcc.c             0x00000000   Number         0  stm32f4xx_rcc.o ABSOLUTE
    ..\FWLIB\src\stm32f4xx_syscfg.c          0x00000000   Number         0  stm32f4xx_syscfg.o ABSOLUTE
    ..\FWLIB\src\stm32f4xx_tim.c             0x00000000   Number         0  stm32f4xx_tim.o ABSOLUTE
    ..\FWLIB\src\stm32f4xx_usart.c           0x00000000   Number         0  stm32f4xx_usart.o ABSOLUTE
    ..\HARDWARE\LED\led.c                    0x00000000   Number         0  led.o ABSOLUTE
    ..\HARDWARE\aircan\aircan_protocol.c     0x00000000   Number         0  aircan_protocol.o ABSOLUTE
    ..\HARDWARE\math\general_math.c          0x00000000   Number         0  general_math.o ABSOLUTE
    ..\SYSTEM\can\can.c                      0x00000000   Number         0  can.o ABSOLUTE
    ..\SYSTEM\delay\delay.c                  0x00000000   Number         0  delay.o ABSOLUTE
    ..\SYSTEM\sys\sys.c                      0x00000000   Number         0  sys.o ABSOLUTE
    ..\SYSTEM\usart\usart.c                  0x00000000   Number         0  usart.o ABSOLUTE
    ..\\FWLIB\\src\\misc.c                   0x00000000   Number         0  misc.o ABSOLUTE
    ..\\FWLIB\\src\\stm32f4xx_can.c          0x00000000   Number         0  stm32f4xx_can.o ABSOLUTE
    ..\\FWLIB\\src\\stm32f4xx_dma.c          0x00000000   Number         0  stm32f4xx_dma.o ABSOLUTE
    ..\\FWLIB\\src\\stm32f4xx_dma2d.c        0x00000000   Number         0  stm32f4xx_dma2d.o ABSOLUTE
    ..\\FWLIB\\src\\stm32f4xx_gpio.c         0x00000000   Number         0  stm32f4xx_gpio.o ABSOLUTE
    ..\\FWLIB\\src\\stm32f4xx_rcc.c          0x00000000   Number         0  stm32f4xx_rcc.o ABSOLUTE
    ..\\FWLIB\\src\\stm32f4xx_syscfg.c       0x00000000   Number         0  stm32f4xx_syscfg.o ABSOLUTE
    ..\\FWLIB\\src\\stm32f4xx_tim.c          0x00000000   Number         0  stm32f4xx_tim.o ABSOLUTE
    ..\\FWLIB\\src\\stm32f4xx_usart.c        0x00000000   Number         0  stm32f4xx_usart.o ABSOLUTE
    ..\\HARDWARE\\LED\\led.c                 0x00000000   Number         0  led.o ABSOLUTE
    ..\\HARDWARE\\aircan\\aircan_protocol.c  0x00000000   Number         0  aircan_protocol.o ABSOLUTE
    ..\\HARDWARE\\math\\general_math.c       0x00000000   Number         0  general_math.o ABSOLUTE
    ..\\SYSTEM\\can\\can.c                   0x00000000   Number         0  can.o ABSOLUTE
    ..\\SYSTEM\\delay\\delay.c               0x00000000   Number         0  delay.o ABSOLUTE
    ..\\SYSTEM\\sys\\sys.c                   0x00000000   Number         0  sys.o ABSOLUTE
    ..\\SYSTEM\\usart\\usart.c               0x00000000   Number         0  usart.o ABSOLUTE
    dc.s                                     0x00000000   Number         0  dc.o ABSOLUTE
    global_declare.c                         0x00000000   Number         0  global_declare.o ABSOLUTE
    global_declare.c                         0x00000000   Number         0  global_declare.o ABSOLUTE
    main.c                                   0x00000000   Number         0  main.o ABSOLUTE
    main.c                                   0x00000000   Number         0  main.o ABSOLUTE
    stm32f4xx_it.c                           0x00000000   Number         0  stm32f4xx_it.o ABSOLUTE
    stm32f4xx_it.c                           0x00000000   Number         0  stm32f4xx_it.o ABSOLUTE
    system_stm32f4xx.c                       0x00000000   Number         0  system_stm32f4xx.o ABSOLUTE
    system_stm32f4xx.c                       0x00000000   Number         0  system_stm32f4xx.o ABSOLUTE
    RESET                                    0x08000000   Section      392  startup_stm32f40_41xxx.o(RESET)
    !!!main                                  0x08000188   Section        8  __main.o(!!!main)
    !!!scatter                               0x08000190   Section       52  __scatter.o(!!!scatter)
    !!dczerorl2                              0x080001c4   Section       90  __dczerorl2.o(!!dczerorl2)
    !!handler_zi                             0x08000220   Section       28  __scatter_zi.o(!!handler_zi)
    .ARM.Collect$$libinit$$00000000          0x0800023c   Section        2  libinit.o(.ARM.Collect$$libinit$$00000000)
    .ARM.Collect$$libinit$$00000001          0x0800023e   Section        4  libinit2.o(.ARM.Collect$$libinit$$00000001)
    .ARM.Collect$$libinit$$00000004          0x08000242   Section        0  libinit2.o(.ARM.Collect$$libinit$$00000004)
    .ARM.Collect$$libinit$$0000000A          0x08000242   Section        0  libinit2.o(.ARM.Collect$$libinit$$0000000A)
    .ARM.Collect$$libinit$$0000000C          0x08000242   Section        0  libinit2.o(.ARM.Collect$$libinit$$0000000C)
    .ARM.Collect$$libinit$$0000000E          0x08000242   Section        0  libinit2.o(.ARM.Collect$$libinit$$0000000E)
    .ARM.Collect$$libinit$$00000011          0x08000242   Section        0  libinit2.o(.ARM.Collect$$libinit$$00000011)
    .ARM.Collect$$libinit$$00000013          0x08000242   Section        0  libinit2.o(.ARM.Collect$$libinit$$00000013)
    .ARM.Collect$$libinit$$00000015          0x08000242   Section        0  libinit2.o(.ARM.Collect$$libinit$$00000015)
    .ARM.Collect$$libinit$$00000017          0x08000242   Section        0  libinit2.o(.ARM.Collect$$libinit$$00000017)
    .ARM.Collect$$libinit$$00000019          0x08000242   Section        0  libinit2.o(.ARM.Collect$$libinit$$00000019)
    .ARM.Collect$$libinit$$0000001B          0x08000242   Section        0  libinit2.o(.ARM.Collect$$libinit$$0000001B)
    .ARM.Collect$$libinit$$0000001D          0x08000242   Section        0  libinit2.o(.ARM.Collect$$libinit$$0000001D)
    .ARM.Collect$$libinit$$0000001F          0x08000242   Section        0  libinit2.o(.ARM.Collect$$libinit$$0000001F)
    .ARM.Collect$$libinit$$00000021          0x08000242   Section        0  libinit2.o(.ARM.Collect$$libinit$$00000021)
    .ARM.Collect$$libinit$$00000023          0x08000242   Section        0  libinit2.o(.ARM.Collect$$libinit$$00000023)
    .ARM.Collect$$libinit$$00000025          0x08000242   Section        0  libinit2.o(.ARM.Collect$$libinit$$00000025)
    .ARM.Collect$$libinit$$0000002C          0x08000242   Section        0  libinit2.o(.ARM.Collect$$libinit$$0000002C)
    .ARM.Collect$$libinit$$0000002E          0x08000242   Section        0  libinit2.o(.ARM.Collect$$libinit$$0000002E)
    .ARM.Collect$$libinit$$00000030          0x08000242   Section        0  libinit2.o(.ARM.Collect$$libinit$$00000030)
    .ARM.Collect$$libinit$$00000032          0x08000242   Section        0  libinit2.o(.ARM.Collect$$libinit$$00000032)
    .ARM.Collect$$libinit$$00000033          0x08000242   Section        2  libinit2.o(.ARM.Collect$$libinit$$00000033)
    .ARM.Collect$$libshutdown$$00000000      0x08000244   Section        2  libshutdown.o(.ARM.Collect$$libshutdown$$00000000)
    .ARM.Collect$$libshutdown$$00000002      0x08000246   Section        0  libshutdown2.o(.ARM.Collect$$libshutdown$$00000002)
    .ARM.Collect$$libshutdown$$00000004      0x08000246   Section        0  libshutdown2.o(.ARM.Collect$$libshutdown$$00000004)
    .ARM.Collect$$libshutdown$$00000007      0x08000246   Section        0  libshutdown2.o(.ARM.Collect$$libshutdown$$00000007)
    .ARM.Collect$$libshutdown$$0000000A      0x08000246   Section        0  libshutdown2.o(.ARM.Collect$$libshutdown$$0000000A)
    .ARM.Collect$$libshutdown$$0000000C      0x08000246   Section        0  libshutdown2.o(.ARM.Collect$$libshutdown$$0000000C)
    .ARM.Collect$$libshutdown$$0000000F      0x08000246   Section        0  libshutdown2.o(.ARM.Collect$$libshutdown$$0000000F)
    .ARM.Collect$$libshutdown$$00000010      0x08000246   Section        2  libshutdown2.o(.ARM.Collect$$libshutdown$$00000010)
    .ARM.Collect$$rtentry$$00000000          0x08000248   Section        0  __rtentry.o(.ARM.Collect$$rtentry$$00000000)
    .ARM.Collect$$rtentry$$00000002          0x08000248   Section        0  __rtentry2.o(.ARM.Collect$$rtentry$$00000002)
    .ARM.Collect$$rtentry$$00000004          0x08000248   Section        6  __rtentry4.o(.ARM.Collect$$rtentry$$00000004)
    .ARM.Collect$$rtentry$$00000009          0x0800024e   Section        0  __rtentry2.o(.ARM.Collect$$rtentry$$00000009)
    .ARM.Collect$$rtentry$$0000000A          0x0800024e   Section        4  __rtentry2.o(.ARM.Collect$$rtentry$$0000000A)
    .ARM.Collect$$rtentry$$0000000C          0x08000252   Section        0  __rtentry2.o(.ARM.Collect$$rtentry$$0000000C)
    .ARM.Collect$$rtentry$$0000000D          0x08000252   Section        8  __rtentry2.o(.ARM.Collect$$rtentry$$0000000D)
    .ARM.Collect$$rtexit$$00000000           0x0800025a   Section        2  rtexit.o(.ARM.Collect$$rtexit$$00000000)
    .ARM.Collect$$rtexit$$00000002           0x0800025c   Section        0  rtexit2.o(.ARM.Collect$$rtexit$$00000002)
    .ARM.Collect$$rtexit$$00000003           0x0800025c   Section        4  rtexit2.o(.ARM.Collect$$rtexit$$00000003)
    .ARM.Collect$$rtexit$$00000004           0x08000260   Section        6  rtexit2.o(.ARM.Collect$$rtexit$$00000004)
    .text                                    0x08000268   Section       64  startup_stm32f40_41xxx.o(.text)
    $v0                                      0x08000268   Number         0  startup_stm32f40_41xxx.o(.text)
    .text                                    0x080002a8   Section       78  rt_memclr_w.o(.text)
    .text                                    0x080002f6   Section        0  heapauxi.o(.text)
    .text                                    0x080002fc   Section        8  libspace.o(.text)
    .text                                    0x08000304   Section       74  sys_stackheap_outer.o(.text)
    .text                                    0x0800034e   Section        0  exit.o(.text)
    .text                                    0x08000360   Section        0  sys_exit.o(.text)
    .text                                    0x0800036c   Section        2  use_no_semi.o(.text)
    .text                                    0x0800036e   Section        0  indicate_semi.o(.text)
    i.Abs_Encoder_Process                    0x0800036e   Section        0  can.o(i.Abs_Encoder_Process)
    i.CAN1_Configuration                     0x08000400   Section        0  can.o(i.CAN1_Configuration)
    i.CAN1_RX0_IRQHandler                    0x08000528   Section        0  can.o(i.CAN1_RX0_IRQHandler)
    i.CAN1_TX_IRQHandler                     0x08000890   Section        0  can.o(i.CAN1_TX_IRQHandler)
    i.CAN2_Configuration                     0x080008ac   Section        0  can.o(i.CAN2_Configuration)
    i.CAN2_RX0_IRQHandler                    0x080009e0   Section        0  can.o(i.CAN2_RX0_IRQHandler)
    i.CAN2_TX_IRQHandler                     0x08000d68   Section        0  can.o(i.CAN2_TX_IRQHandler)
    i.CAN_ClearITPendingBit                  0x08000d84   Section        0  stm32f4xx_can.o(i.CAN_ClearITPendingBit)
    i.CAN_DeInit                             0x08000e2c   Section        0  stm32f4xx_can.o(i.CAN_DeInit)
    i.CAN_FilterInit                         0x08000e64   Section        0  stm32f4xx_can.o(i.CAN_FilterInit)
    i.CAN_GetITStatus                        0x08000f6c   Section        0  stm32f4xx_can.o(i.CAN_GetITStatus)
    i.CAN_ITConfig                           0x0800108c   Section        0  stm32f4xx_can.o(i.CAN_ITConfig)
    i.CAN_Init                               0x0800109e   Section        0  stm32f4xx_can.o(i.CAN_Init)
    i.CAN_Receive                            0x080011b2   Section        0  stm32f4xx_can.o(i.CAN_Receive)
    i.CAN_Send                               0x080012a2   Section        0  can.o(i.CAN_Send)
    i.CAN_StructInit                         0x08001308   Section        0  stm32f4xx_can.o(i.CAN_StructInit)
    i.CAN_Transmit                           0x08001328   Section        0  stm32f4xx_can.o(i.CAN_Transmit)
    i.CalIWeakenPID                          0x0800144e   Section        0  general_math.o(i.CalIWeakenPID)
    i.CheckITStatus                          0x0800159a   Section        0  stm32f4xx_can.o(i.CheckITStatus)
    CheckITStatus                            0x0800159b   Thumb Code    18  stm32f4xx_can.o(i.CheckITStatus)
    i.Clip                                   0x080015ac   Section        0  general_math.o(i.Clip)
    i.DMA_Cmd                                0x080015d6   Section        0  stm32f4xx_dma.o(i.DMA_Cmd)
    i.DMA_DeInit                             0x080015ec   Section        0  stm32f4xx_dma.o(i.DMA_DeInit)
    i.DMA_GetCmdStatus                       0x08001744   Section        0  stm32f4xx_dma.o(i.DMA_GetCmdStatus)
    i.DMA_GetCurrDataCounter                 0x08001758   Section        0  stm32f4xx_dma.o(i.DMA_GetCurrDataCounter)
    i.DMA_GetCurrentMemoryTarget             0x08001760   Section        0  stm32f4xx_dma.o(i.DMA_GetCurrentMemoryTarget)
    i.DMA_ITConfig                           0x08001774   Section        0  stm32f4xx_dma.o(i.DMA_ITConfig)
    i.DMA_Init                               0x080017b0   Section        0  stm32f4xx_dma.o(i.DMA_Init)
    i.GPIO_Init                              0x08001808   Section        0  stm32f4xx_gpio.o(i.GPIO_Init)
    i.GPIO_PinAFConfig                       0x08001898   Section        0  stm32f4xx_gpio.o(i.GPIO_PinAFConfig)
    i.Get_Encoder_Number                     0x080018de   Section        0  can.o(i.Get_Encoder_Number)
    i.Get_Speed                              0x080018ea   Section        0  can.o(i.Get_Speed)
    i.NVIC_Init                              0x08001914   Section        0  misc.o(i.NVIC_Init)
    i.NVIC_PriorityGroupConfig               0x0800198c   Section        0  misc.o(i.NVIC_PriorityGroupConfig)
    i.RCC_AHB1PeriphClockCmd                 0x080019a0   Section        0  stm32f4xx_rcc.o(i.RCC_AHB1PeriphClockCmd)
    i.RCC_APB1PeriphClockCmd                 0x080019c0   Section        0  stm32f4xx_rcc.o(i.RCC_APB1PeriphClockCmd)
    i.RCC_APB1PeriphResetCmd                 0x080019e0   Section        0  stm32f4xx_rcc.o(i.RCC_APB1PeriphResetCmd)
    i.RCC_APB2PeriphClockCmd                 0x08001a00   Section        0  stm32f4xx_rcc.o(i.RCC_APB2PeriphClockCmd)
    i.RCC_APB2PeriphResetCmd                 0x08001a20   Section        0  stm32f4xx_rcc.o(i.RCC_APB2PeriphResetCmd)
    i.RCC_GetClocksFreq                      0x08001a40   Section        0  stm32f4xx_rcc.o(i.RCC_GetClocksFreq)
    i.RemoteDataProcess                      0x08001b28   Section        0  led.o(i.RemoteDataProcess)
    i.SetSysClock                            0x08001bc8   Section        0  system_stm32f4xx.o(i.SetSysClock)
    SetSysClock                              0x08001bc9   Thumb Code   220  system_stm32f4xx.o(i.SetSysClock)
    i.SysTick_CLKSourceConfig                0x08001cb4   Section        0  misc.o(i.SysTick_CLKSourceConfig)
    i.SysTick_Handler                        0x08001cdc   Section        0  stm32f4xx_it.o(i.SysTick_Handler)
    i.SystemInit                             0x08001d18   Section        0  system_stm32f4xx.o(i.SystemInit)
    i.UART4_Init                             0x08001d80   Section        0  usart.o(i.UART4_Init)
    i.UART5_Init                             0x08001f14   Section        0  usart.o(i.UART5_Init)
    i.USART1_IRQHandler                      0x080020a4   Section        0  led.o(i.USART1_IRQHandler)
    i.USART1_Init                            0x0800213c   Section        0  usart.o(i.USART1_Init)
    i.USART2_Init                            0x080022e4   Section        0  usart.o(i.USART2_Init)
    i.USART3_Init                            0x08002478   Section        0  usart.o(i.USART3_Init)
    i.USART6_Init                            0x080025f8   Section        0  usart.o(i.USART6_Init)
    i.USART_Cmd                              0x08002788   Section        0  stm32f4xx_usart.o(i.USART_Cmd)
    i.USART_DMACmd                           0x080027a0   Section        0  stm32f4xx_usart.o(i.USART_DMACmd)
    i.USART_DeInit                           0x080027b4   Section        0  stm32f4xx_usart.o(i.USART_DeInit)
    i.USART_GetITStatus                      0x080028a4   Section        0  stm32f4xx_usart.o(i.USART_GetITStatus)
    i.USART_ITConfig                         0x080028f8   Section        0  stm32f4xx_usart.o(i.USART_ITConfig)
    i.USART_Init                             0x08002944   Section        0  stm32f4xx_usart.o(i.USART_Init)
    i.__hardfp_fabs                          0x08002a18   Section        0  fabs.o(i.__hardfp_fabs)
    i.main                                   0x08002a2c   Section        0  main.o(i.main)
    x$fpl$dcmpinf                            0x08002b64   Section       24  dcmpi.o(x$fpl$dcmpinf)
    $v0                                      0x08002b64   Number         0  dcmpi.o(x$fpl$dcmpinf)
    x$fpl$dleqf                              0x08002b7c   Section      120  dleqf.o(x$fpl$dleqf)
    $v0                                      0x08002b7c   Number         0  dleqf.o(x$fpl$dleqf)
    x$fpl$dnaninf                            0x08002bf4   Section      156  dnaninf.o(x$fpl$dnaninf)
    $v0                                      0x08002bf4   Number         0  dnaninf.o(x$fpl$dnaninf)
    x$fpl$dretinf                            0x08002c90   Section       12  dretinf.o(x$fpl$dretinf)
    $v0                                      0x08002c90   Number         0  dretinf.o(x$fpl$dretinf)
    x$fpl$f2d                                0x08002c9c   Section       86  f2d.o(x$fpl$f2d)
    $v0                                      0x08002c9c   Number         0  f2d.o(x$fpl$f2d)
    x$fpl$fnaninf                            0x08002cf2   Section      140  fnaninf.o(x$fpl$fnaninf)
    $v0                                      0x08002cf2   Number         0  fnaninf.o(x$fpl$fnaninf)
    x$fpl$fpinit                             0x08002d7e   Section       10  fpinit.o(x$fpl$fpinit)
    $v0                                      0x08002d7e   Number         0  fpinit.o(x$fpl$fpinit)
    x$fpl$usenofp                            0x08002d88   Section        0  usenofp.o(x$fpl$usenofp)
    .data                                    0x20000000   Section       56  main.o(.data)
    .data                                    0x20000038   Section     3573  global_declare.o(.data)
    .data                                    0x20000e30   Section       86  usart.o(.data)
    .data                                    0x20000e86   Section       16  stm32f4xx_rcc.o(.data)
    APBAHBPrescTable                         0x20000e86   Data          16  stm32f4xx_rcc.o(.data)
    .bss                                     0x20000e98   Section      364  global_declare.o(.bss)
    .bss                                     0x20001004   Section       56  led.o(.bss)
    RC_CtrlData                              0x20001028   Data          20  led.o(.bss)
    .bss                                     0x2000103c   Section    20912  usart.o(.bss)
    .bss                                     0x200061ec   Section       96  libspace.o(.bss)
    HEAP                                     0x20006250   Section      512  startup_stm32f40_41xxx.o(HEAP)
    Heap_Mem                                 0x20006250   Data         512  startup_stm32f40_41xxx.o(HEAP)
    STACK                                    0x20006450   Section     1024  startup_stm32f40_41xxx.o(STACK)
    Stack_Mem                                0x20006450   Data        1024  startup_stm32f40_41xxx.o(STACK)
    __initial_sp                             0x20006850   Data           0  startup_stm32f40_41xxx.o(STACK)

    Global Symbols

    Symbol Name                              Value     Ov Type        Size  Object(Section)

    BuildAttributes$$THM_ISAv4$E$P$D$K$B$S$7EM$VFPi3$EXTD16$VFPS$VFMA$PE$A:L22UL41UL21$X:L11$S22US41US21$IEEE1$IW$USESV6$~STKCKD$USESV7$~SHL$OTIME$ROPI$IEEEX$EBA8$UX$STANDARDLIB$REQ8$PRES8$EABIv2 0x00000000   Number         0  anon$$obj.o ABSOLUTE
    __ARM_use_no_argv                        0x00000000   Number         0  main.o ABSOLUTE
    __ARM_exceptions_init                     - Undefined Weak Reference
    __alloca_initialize                       - Undefined Weak Reference
    __arm_preinit_                            - Undefined Weak Reference
    __cpp_initialize__aeabi_                  - Undefined Weak Reference
    __cxa_finalize                            - Undefined Weak Reference
    __rt_locale                               - Undefined Weak Reference
    __sigvec_lookup                           - Undefined Weak Reference
    _atexit_init                              - Undefined Weak Reference
    _call_atexit_fns                          - Undefined Weak Reference
    _clock_init                               - Undefined Weak Reference
    _fp_trap_init                             - Undefined Weak Reference
    _fp_trap_shutdown                         - Undefined Weak Reference
    _get_lc_collate                           - Undefined Weak Reference
    _get_lc_ctype                             - Undefined Weak Reference
    _get_lc_monetary                          - Undefined Weak Reference
    _get_lc_numeric                           - Undefined Weak Reference
    _get_lc_time                              - Undefined Weak Reference
    _getenv_init                              - Undefined Weak Reference
    _handle_redirection                       - Undefined Weak Reference
    _init_alloc                               - Undefined Weak Reference
    _init_user_alloc                          - Undefined Weak Reference
    _initio                                   - Undefined Weak Reference
    _rand_init                                - Undefined Weak Reference
    _signal_finish                            - Undefined Weak Reference
    _signal_init                              - Undefined Weak Reference
    _terminate_alloc                          - Undefined Weak Reference
    _terminate_user_alloc                     - Undefined Weak Reference
    _terminateio                              - Undefined Weak Reference
    __Vectors_Size                           0x00000188   Number         0  startup_stm32f40_41xxx.o ABSOLUTE
    __Vectors                                0x08000000   Data           4  startup_stm32f40_41xxx.o(RESET)
    __Vectors_End                            0x08000188   Data           0  startup_stm32f40_41xxx.o(RESET)
    __main                                   0x08000189   Thumb Code     8  __main.o(!!!main)
    __scatterload                            0x08000191   Thumb Code     0  __scatter.o(!!!scatter)
    __scatterload_rt2                        0x08000191   Thumb Code    44  __scatter.o(!!!scatter)
    __scatterload_rt2_thumb_only             0x08000191   Thumb Code     0  __scatter.o(!!!scatter)
    __scatterload_null                       0x0800019f   Thumb Code     0  __scatter.o(!!!scatter)
    __decompress                             0x080001c5   Thumb Code    90  __dczerorl2.o(!!dczerorl2)
    __decompress1                            0x080001c5   Thumb Code     0  __dczerorl2.o(!!dczerorl2)
    __scatterload_zeroinit                   0x08000221   Thumb Code    28  __scatter_zi.o(!!handler_zi)
    __rt_lib_init                            0x0800023d   Thumb Code     0  libinit.o(.ARM.Collect$$libinit$$00000000)
    __rt_lib_init_fp_1                       0x0800023f   Thumb Code     0  libinit2.o(.ARM.Collect$$libinit$$00000001)
    __rt_lib_init_alloca_1                   0x08000243   Thumb Code     0  libinit2.o(.ARM.Collect$$libinit$$0000002E)
    __rt_lib_init_argv_1                     0x08000243   Thumb Code     0  libinit2.o(.ARM.Collect$$libinit$$0000002C)
    __rt_lib_init_atexit_1                   0x08000243   Thumb Code     0  libinit2.o(.ARM.Collect$$libinit$$0000001B)
    __rt_lib_init_clock_1                    0x08000243   Thumb Code     0  libinit2.o(.ARM.Collect$$libinit$$00000021)
    __rt_lib_init_cpp_1                      0x08000243   Thumb Code     0  libinit2.o(.ARM.Collect$$libinit$$00000032)
    __rt_lib_init_exceptions_1               0x08000243   Thumb Code     0  libinit2.o(.ARM.Collect$$libinit$$00000030)
    __rt_lib_init_fp_trap_1                  0x08000243   Thumb Code     0  libinit2.o(.ARM.Collect$$libinit$$0000001F)
    __rt_lib_init_getenv_1                   0x08000243   Thumb Code     0  libinit2.o(.ARM.Collect$$libinit$$00000023)
    __rt_lib_init_heap_1                     0x08000243   Thumb Code     0  libinit2.o(.ARM.Collect$$libinit$$0000000A)
    __rt_lib_init_lc_collate_1               0x08000243   Thumb Code     0  libinit2.o(.ARM.Collect$$libinit$$00000011)
    __rt_lib_init_lc_ctype_1                 0x08000243   Thumb Code     0  libinit2.o(.ARM.Collect$$libinit$$00000013)
    __rt_lib_init_lc_monetary_1              0x08000243   Thumb Code     0  libinit2.o(.ARM.Collect$$libinit$$00000015)
    __rt_lib_init_lc_numeric_1               0x08000243   Thumb Code     0  libinit2.o(.ARM.Collect$$libinit$$00000017)
    __rt_lib_init_lc_time_1                  0x08000243   Thumb Code     0  libinit2.o(.ARM.Collect$$libinit$$00000019)
    __rt_lib_init_preinit_1                  0x08000243   Thumb Code     0  libinit2.o(.ARM.Collect$$libinit$$00000004)
    __rt_lib_init_rand_1                     0x08000243   Thumb Code     0  libinit2.o(.ARM.Collect$$libinit$$0000000E)
    __rt_lib_init_return                     0x08000243   Thumb Code     0  libinit2.o(.ARM.Collect$$libinit$$00000033)
    __rt_lib_init_signal_1                   0x08000243   Thumb Code     0  libinit2.o(.ARM.Collect$$libinit$$0000001D)
    __rt_lib_init_stdio_1                    0x08000243   Thumb Code     0  libinit2.o(.ARM.Collect$$libinit$$00000025)
    __rt_lib_init_user_alloc_1               0x08000243   Thumb Code     0  libinit2.o(.ARM.Collect$$libinit$$0000000C)
    __rt_lib_shutdown                        0x08000245   Thumb Code     0  libshutdown.o(.ARM.Collect$$libshutdown$$00000000)
    __rt_lib_shutdown_cpp_1                  0x08000247   Thumb Code     0  libshutdown2.o(.ARM.Collect$$libshutdown$$00000002)
    __rt_lib_shutdown_fp_trap_1              0x08000247   Thumb Code     0  libshutdown2.o(.ARM.Collect$$libshutdown$$00000007)
    __rt_lib_shutdown_heap_1                 0x08000247   Thumb Code     0  libshutdown2.o(.ARM.Collect$$libshutdown$$0000000F)
    __rt_lib_shutdown_return                 0x08000247   Thumb Code     0  libshutdown2.o(.ARM.Collect$$libshutdown$$00000010)
    __rt_lib_shutdown_signal_1               0x08000247   Thumb Code     0  libshutdown2.o(.ARM.Collect$$libshutdown$$0000000A)
    __rt_lib_shutdown_stdio_1                0x08000247   Thumb Code     0  libshutdown2.o(.ARM.Collect$$libshutdown$$00000004)
    __rt_lib_shutdown_user_alloc_1           0x08000247   Thumb Code     0  libshutdown2.o(.ARM.Collect$$libshutdown$$0000000C)
    __rt_entry                               0x08000249   Thumb Code     0  __rtentry.o(.ARM.Collect$$rtentry$$00000000)
    __rt_entry_presh_1                       0x08000249   Thumb Code     0  __rtentry2.o(.ARM.Collect$$rtentry$$00000002)
    __rt_entry_sh                            0x08000249   Thumb Code     0  __rtentry4.o(.ARM.Collect$$rtentry$$00000004)
    __rt_entry_li                            0x0800024f   Thumb Code     0  __rtentry2.o(.ARM.Collect$$rtentry$$0000000A)
    __rt_entry_postsh_1                      0x0800024f   Thumb Code     0  __rtentry2.o(.ARM.Collect$$rtentry$$00000009)
    __rt_entry_main                          0x08000253   Thumb Code     0  __rtentry2.o(.ARM.Collect$$rtentry$$0000000D)
    __rt_entry_postli_1                      0x08000253   Thumb Code     0  __rtentry2.o(.ARM.Collect$$rtentry$$0000000C)
    __rt_exit                                0x0800025b   Thumb Code     0  rtexit.o(.ARM.Collect$$rtexit$$00000000)
    __rt_exit_ls                             0x0800025d   Thumb Code     0  rtexit2.o(.ARM.Collect$$rtexit$$00000003)
    __rt_exit_prels_1                        0x0800025d   Thumb Code     0  rtexit2.o(.ARM.Collect$$rtexit$$00000002)
    __rt_exit_exit                           0x08000261   Thumb Code     0  rtexit2.o(.ARM.Collect$$rtexit$$00000004)
    Reset_Handler                            0x08000269   Thumb Code     8  startup_stm32f40_41xxx.o(.text)
    NMI_Handler                              0x08000271   Thumb Code     2  startup_stm32f40_41xxx.o(.text)
    HardFault_Handler                        0x08000273   Thumb Code     2  startup_stm32f40_41xxx.o(.text)
    MemManage_Handler                        0x08000275   Thumb Code     2  startup_stm32f40_41xxx.o(.text)
    BusFault_Handler                         0x08000277   Thumb Code     2  startup_stm32f40_41xxx.o(.text)
    UsageFault_Handler                       0x08000279   Thumb Code     2  startup_stm32f40_41xxx.o(.text)
    SVC_Handler                              0x0800027b   Thumb Code     2  startup_stm32f40_41xxx.o(.text)
    DebugMon_Handler                         0x0800027d   Thumb Code     2  startup_stm32f40_41xxx.o(.text)
    PendSV_Handler                           0x0800027f   Thumb Code     2  startup_stm32f40_41xxx.o(.text)
    ADC_IRQHandler                           0x08000283   Thumb Code     0  startup_stm32f40_41xxx.o(.text)
    CAN1_RX1_IRQHandler                      0x08000283   Thumb Code     0  startup_stm32f40_41xxx.o(.text)
    CAN1_SCE_IRQHandler                      0x08000283   Thumb Code     0  startup_stm32f40_41xxx.o(.text)
    CAN2_RX1_IRQHandler                      0x08000283   Thumb Code     0  startup_stm32f40_41xxx.o(.text)
    CAN2_SCE_IRQHandler                      0x08000283   Thumb Code     0  startup_stm32f40_41xxx.o(.text)
    CRYP_IRQHandler                          0x08000283   Thumb Code     0  startup_stm32f40_41xxx.o(.text)
    DCMI_IRQHandler                          0x08000283   Thumb Code     0  startup_stm32f40_41xxx.o(.text)
    DMA1_Stream0_IRQHandler                  0x08000283   Thumb Code     0  startup_stm32f40_41xxx.o(.text)
    DMA1_Stream1_IRQHandler                  0x08000283   Thumb Code     0  startup_stm32f40_41xxx.o(.text)
    DMA1_Stream2_IRQHandler                  0x08000283   Thumb Code     0  startup_stm32f40_41xxx.o(.text)
    DMA1_Stream3_IRQHandler                  0x08000283   Thumb Code     0  startup_stm32f40_41xxx.o(.text)
    DMA1_Stream4_IRQHandler                  0x08000283   Thumb Code     0  startup_stm32f40_41xxx.o(.text)
    DMA1_Stream5_IRQHandler                  0x08000283   Thumb Code     0  startup_stm32f40_41xxx.o(.text)
    DMA1_Stream6_IRQHandler                  0x08000283   Thumb Code     0  startup_stm32f40_41xxx.o(.text)
    DMA1_Stream7_IRQHandler                  0x08000283   Thumb Code     0  startup_stm32f40_41xxx.o(.text)
    DMA2_Stream0_IRQHandler                  0x08000283   Thumb Code     0  startup_stm32f40_41xxx.o(.text)
    DMA2_Stream1_IRQHandler                  0x08000283   Thumb Code     0  startup_stm32f40_41xxx.o(.text)
    DMA2_Stream2_IRQHandler                  0x08000283   Thumb Code     0  startup_stm32f40_41xxx.o(.text)
    DMA2_Stream3_IRQHandler                  0x08000283   Thumb Code     0  startup_stm32f40_41xxx.o(.text)
    DMA2_Stream4_IRQHandler                  0x08000283   Thumb Code     0  startup_stm32f40_41xxx.o(.text)
    DMA2_Stream5_IRQHandler                  0x08000283   Thumb Code     0  startup_stm32f40_41xxx.o(.text)
    DMA2_Stream6_IRQHandler                  0x08000283   Thumb Code     0  startup_stm32f40_41xxx.o(.text)
    DMA2_Stream7_IRQHandler                  0x08000283   Thumb Code     0  startup_stm32f40_41xxx.o(.text)
    ETH_IRQHandler                           0x08000283   Thumb Code     0  startup_stm32f40_41xxx.o(.text)
    ETH_WKUP_IRQHandler                      0x08000283   Thumb Code     0  startup_stm32f40_41xxx.o(.text)
    EXTI0_IRQHandler                         0x08000283   Thumb Code     0  startup_stm32f40_41xxx.o(.text)
    EXTI15_10_IRQHandler                     0x08000283   Thumb Code     0  startup_stm32f40_41xxx.o(.text)
    EXTI1_IRQHandler                         0x08000283   Thumb Code     0  startup_stm32f40_41xxx.o(.text)
    EXTI2_IRQHandler                         0x08000283   Thumb Code     0  startup_stm32f40_41xxx.o(.text)
    EXTI3_IRQHandler                         0x08000283   Thumb Code     0  startup_stm32f40_41xxx.o(.text)
    EXTI4_IRQHandler                         0x08000283   Thumb Code     0  startup_stm32f40_41xxx.o(.text)
    EXTI9_5_IRQHandler                       0x08000283   Thumb Code     0  startup_stm32f40_41xxx.o(.text)
    FLASH_IRQHandler                         0x08000283   Thumb Code     0  startup_stm32f40_41xxx.o(.text)
    FPU_IRQHandler                           0x08000283   Thumb Code     0  startup_stm32f40_41xxx.o(.text)
    FSMC_IRQHandler                          0x08000283   Thumb Code     0  startup_stm32f40_41xxx.o(.text)
    HASH_RNG_IRQHandler                      0x08000283   Thumb Code     0  startup_stm32f40_41xxx.o(.text)
    I2C1_ER_IRQHandler                       0x08000283   Thumb Code     0  startup_stm32f40_41xxx.o(.text)
    I2C1_EV_IRQHandler                       0x08000283   Thumb Code     0  startup_stm32f40_41xxx.o(.text)
    I2C2_ER_IRQHandler                       0x08000283   Thumb Code     0  startup_stm32f40_41xxx.o(.text)
    I2C2_EV_IRQHandler                       0x08000283   Thumb Code     0  startup_stm32f40_41xxx.o(.text)
    I2C3_ER_IRQHandler                       0x08000283   Thumb Code     0  startup_stm32f40_41xxx.o(.text)
    I2C3_EV_IRQHandler                       0x08000283   Thumb Code     0  startup_stm32f40_41xxx.o(.text)
    OTG_FS_IRQHandler                        0x08000283   Thumb Code     0  startup_stm32f40_41xxx.o(.text)
    OTG_FS_WKUP_IRQHandler                   0x08000283   Thumb Code     0  startup_stm32f40_41xxx.o(.text)
    OTG_HS_EP1_IN_IRQHandler                 0x08000283   Thumb Code     0  startup_stm32f40_41xxx.o(.text)
    OTG_HS_EP1_OUT_IRQHandler                0x08000283   Thumb Code     0  startup_stm32f40_41xxx.o(.text)
    OTG_HS_IRQHandler                        0x08000283   Thumb Code     0  startup_stm32f40_41xxx.o(.text)
    OTG_HS_WKUP_IRQHandler                   0x08000283   Thumb Code     0  startup_stm32f40_41xxx.o(.text)
    PVD_IRQHandler                           0x08000283   Thumb Code     0  startup_stm32f40_41xxx.o(.text)
    RCC_IRQHandler                           0x08000283   Thumb Code     0  startup_stm32f40_41xxx.o(.text)
    RTC_Alarm_IRQHandler                     0x08000283   Thumb Code     0  startup_stm32f40_41xxx.o(.text)
    RTC_WKUP_IRQHandler                      0x08000283   Thumb Code     0  startup_stm32f40_41xxx.o(.text)
    SDIO_IRQHandler                          0x08000283   Thumb Code     0  startup_stm32f40_41xxx.o(.text)
    SPI1_IRQHandler                          0x08000283   Thumb Code     0  startup_stm32f40_41xxx.o(.text)
    SPI2_IRQHandler                          0x08000283   Thumb Code     0  startup_stm32f40_41xxx.o(.text)
    SPI3_IRQHandler                          0x08000283   Thumb Code     0  startup_stm32f40_41xxx.o(.text)
    TAMP_STAMP_IRQHandler                    0x08000283   Thumb Code     0  startup_stm32f40_41xxx.o(.text)
    TIM1_BRK_TIM9_IRQHandler                 0x08000283   Thumb Code     0  startup_stm32f40_41xxx.o(.text)
    TIM1_CC_IRQHandler                       0x08000283   Thumb Code     0  startup_stm32f40_41xxx.o(.text)
    TIM1_TRG_COM_TIM11_IRQHandler            0x08000283   Thumb Code     0  startup_stm32f40_41xxx.o(.text)
    TIM1_UP_TIM10_IRQHandler                 0x08000283   Thumb Code     0  startup_stm32f40_41xxx.o(.text)
    TIM2_IRQHandler                          0x08000283   Thumb Code     0  startup_stm32f40_41xxx.o(.text)
    TIM3_IRQHandler                          0x08000283   Thumb Code     0  startup_stm32f40_41xxx.o(.text)
    TIM4_IRQHandler                          0x08000283   Thumb Code     0  startup_stm32f40_41xxx.o(.text)
    TIM5_IRQHandler                          0x08000283   Thumb Code     0  startup_stm32f40_41xxx.o(.text)
    TIM6_DAC_IRQHandler                      0x08000283   Thumb Code     0  startup_stm32f40_41xxx.o(.text)
    TIM7_IRQHandler                          0x08000283   Thumb Code     0  startup_stm32f40_41xxx.o(.text)
    TIM8_BRK_TIM12_IRQHandler                0x08000283   Thumb Code     0  startup_stm32f40_41xxx.o(.text)
    TIM8_CC_IRQHandler                       0x08000283   Thumb Code     0  startup_stm32f40_41xxx.o(.text)
    TIM8_TRG_COM_TIM14_IRQHandler            0x08000283   Thumb Code     0  startup_stm32f40_41xxx.o(.text)
    TIM8_UP_TIM13_IRQHandler                 0x08000283   Thumb Code     0  startup_stm32f40_41xxx.o(.text)
    UART4_IRQHandler                         0x08000283   Thumb Code     0  startup_stm32f40_41xxx.o(.text)
    UART5_IRQHandler                         0x08000283   Thumb Code     0  startup_stm32f40_41xxx.o(.text)
    USART2_IRQHandler                        0x08000283   Thumb Code     0  startup_stm32f40_41xxx.o(.text)
    USART3_IRQHandler                        0x08000283   Thumb Code     0  startup_stm32f40_41xxx.o(.text)
    USART6_IRQHandler                        0x08000283   Thumb Code     0  startup_stm32f40_41xxx.o(.text)
    WWDG_IRQHandler                          0x08000283   Thumb Code     0  startup_stm32f40_41xxx.o(.text)
    __user_initial_stackheap                 0x08000285   Thumb Code     0  startup_stm32f40_41xxx.o(.text)
    __aeabi_memclr4                          0x080002a9   Thumb Code     0  rt_memclr_w.o(.text)
    __aeabi_memclr8                          0x080002a9   Thumb Code     0  rt_memclr_w.o(.text)
    __rt_memclr_w                            0x080002a9   Thumb Code    78  rt_memclr_w.o(.text)
    _memset_w                                0x080002ad   Thumb Code     0  rt_memclr_w.o(.text)
    __use_two_region_memory                  0x080002f7   Thumb Code     2  heapauxi.o(.text)
    __rt_heap_escrow$2region                 0x080002f9   Thumb Code     2  heapauxi.o(.text)
    __rt_heap_expand$2region                 0x080002fb   Thumb Code     2  heapauxi.o(.text)
    __user_libspace                          0x080002fd   Thumb Code     8  libspace.o(.text)
    __user_perproc_libspace                  0x080002fd   Thumb Code     0  libspace.o(.text)
    __user_perthread_libspace                0x080002fd   Thumb Code     0  libspace.o(.text)
    __user_setup_stackheap                   0x08000305   Thumb Code    74  sys_stackheap_outer.o(.text)
    exit                                     0x0800034f   Thumb Code    18  exit.o(.text)
    _sys_exit                                0x08000361   Thumb Code     8  sys_exit.o(.text)
    __I$use$semihosting                      0x0800036d   Thumb Code     0  use_no_semi.o(.text)
    __use_no_semihosting_swi                 0x0800036d   Thumb Code     2  use_no_semi.o(.text)
    Abs_Encoder_Process                      0x0800036f   Thumb Code   146  can.o(i.Abs_Encoder_Process)
    __semihosting_library_function           0x0800036f   Thumb Code     0  indicate_semi.o(.text)
    CAN1_Configuration                       0x08000401   Thumb Code   286  can.o(i.CAN1_Configuration)
    CAN1_RX0_IRQHandler                      0x08000529   Thumb Code   764  can.o(i.CAN1_RX0_IRQHandler)
    CAN1_TX_IRQHandler                       0x08000891   Thumb Code    22  can.o(i.CAN1_TX_IRQHandler)
    CAN2_Configuration                       0x080008ad   Thumb Code   298  can.o(i.CAN2_Configuration)
    CAN2_RX0_IRQHandler                      0x080009e1   Thumb Code   788  can.o(i.CAN2_RX0_IRQHandler)
    CAN2_TX_IRQHandler                       0x08000d69   Thumb Code    22  can.o(i.CAN2_TX_IRQHandler)
    CAN_ClearITPendingBit                    0x08000d85   Thumb Code   162  stm32f4xx_can.o(i.CAN_ClearITPendingBit)
    CAN_DeInit                               0x08000e2d   Thumb Code    50  stm32f4xx_can.o(i.CAN_DeInit)
    CAN_FilterInit                           0x08000e65   Thumb Code   258  stm32f4xx_can.o(i.CAN_FilterInit)
    CAN_GetITStatus                          0x08000f6d   Thumb Code   284  stm32f4xx_can.o(i.CAN_GetITStatus)
    CAN_ITConfig                             0x0800108d   Thumb Code    18  stm32f4xx_can.o(i.CAN_ITConfig)
    CAN_Init                                 0x0800109f   Thumb Code   276  stm32f4xx_can.o(i.CAN_Init)
    CAN_Receive                              0x080011b3   Thumb Code   240  stm32f4xx_can.o(i.CAN_Receive)
    CAN_Send                                 0x080012a3   Thumb Code   102  can.o(i.CAN_Send)
    CAN_StructInit                           0x08001309   Thumb Code    32  stm32f4xx_can.o(i.CAN_StructInit)
    CAN_Transmit                             0x08001329   Thumb Code   294  stm32f4xx_can.o(i.CAN_Transmit)
    CalIWeakenPID                            0x0800144f   Thumb Code   332  general_math.o(i.CalIWeakenPID)
    Clip                                     0x080015ad   Thumb Code    42  general_math.o(i.Clip)
    DMA_Cmd                                  0x080015d7   Thumb Code    22  stm32f4xx_dma.o(i.DMA_Cmd)
    DMA_DeInit                               0x080015ed   Thumb Code   324  stm32f4xx_dma.o(i.DMA_DeInit)
    DMA_GetCmdStatus                         0x08001745   Thumb Code    20  stm32f4xx_dma.o(i.DMA_GetCmdStatus)
    DMA_GetCurrDataCounter                   0x08001759   Thumb Code     8  stm32f4xx_dma.o(i.DMA_GetCurrDataCounter)
    DMA_GetCurrentMemoryTarget               0x08001761   Thumb Code    20  stm32f4xx_dma.o(i.DMA_GetCurrentMemoryTarget)
    DMA_ITConfig                             0x08001775   Thumb Code    58  stm32f4xx_dma.o(i.DMA_ITConfig)
    DMA_Init                                 0x080017b1   Thumb Code    82  stm32f4xx_dma.o(i.DMA_Init)
    GPIO_Init                                0x08001809   Thumb Code   144  stm32f4xx_gpio.o(i.GPIO_Init)
    GPIO_PinAFConfig                         0x08001899   Thumb Code    70  stm32f4xx_gpio.o(i.GPIO_PinAFConfig)
    Get_Encoder_Number                       0x080018df   Thumb Code    12  can.o(i.Get_Encoder_Number)
    Get_Speed                                0x080018eb   Thumb Code    42  can.o(i.Get_Speed)
    NVIC_Init                                0x08001915   Thumb Code   106  misc.o(i.NVIC_Init)
    NVIC_PriorityGroupConfig                 0x0800198d   Thumb Code    10  misc.o(i.NVIC_PriorityGroupConfig)
    RCC_AHB1PeriphClockCmd                   0x080019a1   Thumb Code    26  stm32f4xx_rcc.o(i.RCC_AHB1PeriphClockCmd)
    RCC_APB1PeriphClockCmd                   0x080019c1   Thumb Code    26  stm32f4xx_rcc.o(i.RCC_APB1PeriphClockCmd)
    RCC_APB1PeriphResetCmd                   0x080019e1   Thumb Code    26  stm32f4xx_rcc.o(i.RCC_APB1PeriphResetCmd)
    RCC_APB2PeriphClockCmd                   0x08001a01   Thumb Code    26  stm32f4xx_rcc.o(i.RCC_APB2PeriphClockCmd)
    RCC_APB2PeriphResetCmd                   0x08001a21   Thumb Code    26  stm32f4xx_rcc.o(i.RCC_APB2PeriphResetCmd)
    RCC_GetClocksFreq                        0x08001a41   Thumb Code   214  stm32f4xx_rcc.o(i.RCC_GetClocksFreq)
    RemoteDataProcess                        0x08001b29   Thumb Code   156  led.o(i.RemoteDataProcess)
    SysTick_CLKSourceConfig                  0x08001cb5   Thumb Code    40  misc.o(i.SysTick_CLKSourceConfig)
    SysTick_Handler                          0x08001cdd   Thumb Code    44  stm32f4xx_it.o(i.SysTick_Handler)
    SystemInit                               0x08001d19   Thumb Code    88  system_stm32f4xx.o(i.SystemInit)
    UART4_Init                               0x08001d81   Thumb Code   378  usart.o(i.UART4_Init)
    UART5_Init                               0x08001f15   Thumb Code   380  usart.o(i.UART5_Init)
    USART1_IRQHandler                        0x080020a5   Thumb Code   138  led.o(i.USART1_IRQHandler)
    USART1_Init                              0x0800213d   Thumb Code   402  usart.o(i.USART1_Init)
    USART2_Init                              0x080022e5   Thumb Code   382  usart.o(i.USART2_Init)
    USART3_Init                              0x08002479   Thumb Code   366  usart.o(i.USART3_Init)
    USART6_Init                              0x080025f9   Thumb Code   384  usart.o(i.USART6_Init)
    USART_Cmd                                0x08002789   Thumb Code    24  stm32f4xx_usart.o(i.USART_Cmd)
    USART_DMACmd                             0x080027a1   Thumb Code    18  stm32f4xx_usart.o(i.USART_DMACmd)
    USART_DeInit                             0x080027b5   Thumb Code   206  stm32f4xx_usart.o(i.USART_DeInit)
    USART_GetITStatus                        0x080028a5   Thumb Code    84  stm32f4xx_usart.o(i.USART_GetITStatus)
    USART_ITConfig                           0x080028f9   Thumb Code    74  stm32f4xx_usart.o(i.USART_ITConfig)
    USART_Init                               0x08002945   Thumb Code   204  stm32f4xx_usart.o(i.USART_Init)
    __hardfp_fabs                            0x08002a19   Thumb Code    20  fabs.o(i.__hardfp_fabs)
    main                                     0x08002a2d   Thumb Code   252  main.o(i.main)
    __fpl_dcmp_Inf                           0x08002b65   Thumb Code    24  dcmpi.o(x$fpl$dcmpinf)
    __aeabi_cdcmple                          0x08002b7d   Thumb Code     0  dleqf.o(x$fpl$dleqf)
    _dcmple                                  0x08002b7d   Thumb Code   120  dleqf.o(x$fpl$dleqf)
    __fpl_dcmple_InfNaN                      0x08002bdf   Thumb Code     0  dleqf.o(x$fpl$dleqf)
    __fpl_dnaninf                            0x08002bf5   Thumb Code   156  dnaninf.o(x$fpl$dnaninf)
    __fpl_dretinf                            0x08002c91   Thumb Code    12  dretinf.o(x$fpl$dretinf)
    __aeabi_f2d                              0x08002c9d   Thumb Code     0  f2d.o(x$fpl$f2d)
    _f2d                                     0x08002c9d   Thumb Code    86  f2d.o(x$fpl$f2d)
    __fpl_fnaninf                            0x08002cf3   Thumb Code   140  fnaninf.o(x$fpl$fnaninf)
    _fp_init                                 0x08002d7f   Thumb Code    10  fpinit.o(x$fpl$fpinit)
    __fplib_config_fpu_vfp                   0x08002d87   Thumb Code     0  fpinit.o(x$fpl$fpinit)
    __fplib_config_pureend_doubles           0x08002d87   Thumb Code     0  fpinit.o(x$fpl$fpinit)
    Region$$Table$$Base                      0x08002d88   Number         0  anon$$obj.o(Region$$Table)
    __I$use$fp                               0x08002d88   Number         0  usenofp.o(x$fpl$usenofp)
    Region$$Table$$Limit                     0x08002da8   Number         0  anon$$obj.o(Region$$Table)
    Lift_Des_Max                             0x20000000   Data           4  main.o(.data)
    Lift_Des_Reset                           0x20000004   Data           4  main.o(.data)
    Lift_Des_Min                             0x20000008   Data           4  main.o(.data)
    Lift_Des                                 0x2000000c   Data           4  main.o(.data)
    Lift_FB                                  0x20000010   Data           4  main.o(.data)
    lift                                     0x20000014   Data           4  main.o(.data)
    ground_FB                                0x20000018   Data           4  main.o(.data)
    ground_Des                               0x2000001c   Data           4  main.o(.data)
    Nip1_FB                                  0x20000020   Data           4  main.o(.data)
    Nip1_Des                                 0x20000024   Data           4  main.o(.data)
    Nip_Des_Max                              0x20000028   Data           4  main.o(.data)
    step_Nip1                                0x2000002c   Data           4  main.o(.data)
    Nip1                                     0x20000030   Data           4  main.o(.data)
    t                                        0x20000034   Data           4  main.o(.data)
    g_emOperation_Mode                       0x20000038   Data           1  global_declare.o(.data)
    Flag_Safety_Mode                         0x20000039   Data           1  global_declare.o(.data)
    g_stLift_L_Encoder                       0x2000003c   Data          28  global_declare.o(.data)
    g_stLift_R_Encoder                       0x20000058   Data          28  global_declare.o(.data)
    g_stGM_Lift_L_PosPID                     0x20000074   Data          68  global_declare.o(.data)
    g_stGM_Lift_L_SpeedPID                   0x200000b8   Data          68  global_declare.o(.data)
    g_stGM_Lift_R_PosPID                     0x200000fc   Data          68  global_declare.o(.data)
    g_stGM_Lift_R_SpeedPID                   0x20000140   Data          68  global_declare.o(.data)
    DiffCB12PosPID                           0x20000184   Data          68  global_declare.o(.data)
    Lift_L_Current                           0x200001c8   Data           2  global_declare.o(.data)
    Lift_R_Current                           0x200001ca   Data           2  global_declare.o(.data)
    ErrLift_L                                0x200001cc   Data           4  global_declare.o(.data)
    ErrLift_R                                0x200001d0   Data           4  global_declare.o(.data)
    Lift_L_first                             0x200001d4   Data           1  global_declare.o(.data)
    Lift_R_first                             0x200001d5   Data           1  global_declare.o(.data)
    True_Lift_L_first                        0x200001d6   Data           1  global_declare.o(.data)
    True_Lift_R_first                        0x200001d7   Data           1  global_declare.o(.data)
    GetInState                               0x200001d8   Data           1  global_declare.o(.data)
    GetOBState                               0x200001d9   Data           1  global_declare.o(.data)
    DelayGetIn                               0x200001dc   Data           4  global_declare.o(.data)
    DelayGetOB                               0x200001e0   Data           4  global_declare.o(.data)
    ResetMode                                0x200001e4   Data           1  global_declare.o(.data)
    Lift_L_First                             0x200001e5   Data           1  global_declare.o(.data)
    Lift_R_First                             0x200001e6   Data           1  global_declare.o(.data)
    number                                   0x200001e8   Data           4  global_declare.o(.data)
    OpenOrClose                              0x200001ec   Data           1  global_declare.o(.data)
    adcx                                     0x200001f0   Data           4  global_declare.o(.data)
    FB_True_Lift_L                           0x200001f4   Data           4  global_declare.o(.data)
    FB_True_Lift                             0x200001f8   Data           4  global_declare.o(.data)
    Lift_Switch_Flag                         0x200001fc   Data           1  global_declare.o(.data)
    Err_Lift                                 0x20000200   Data           4  global_declare.o(.data)
    Lift_first                               0x20000204   Data           1  global_declare.o(.data)
    g_stNip1_Encoder                         0x20000208   Data          28  global_declare.o(.data)
    g_stNip1_R_Encoder                       0x20000224   Data          28  global_declare.o(.data)
    g_stNip2_Encoder                         0x20000240   Data          28  global_declare.o(.data)
    g_stNip2_R_Encoder                       0x2000025c   Data          28  global_declare.o(.data)
    g_stStage_Encoder                        0x20000278   Data          28  global_declare.o(.data)
    g_stStage2_Encoder                       0x20000294   Data          28  global_declare.o(.data)
    g_stLimit_Encoder                        0x200002b0   Data          28  global_declare.o(.data)
    g_stFri1_Encoder                         0x200002cc   Data          28  global_declare.o(.data)
    g_stFri2_Encoder                         0x200002e8   Data          28  global_declare.o(.data)
    g_stYaw1_Encoder                         0x20000304   Data          28  global_declare.o(.data)
    g_stYaw2_Encoder                         0x20000320   Data          28  global_declare.o(.data)
    g_stGround_Encoder                       0x2000033c   Data          28  global_declare.o(.data)
    g_stGM_Nip1_PosPID                       0x20000358   Data          68  global_declare.o(.data)
    g_stGM_Nip1_SpeedPID                     0x2000039c   Data          68  global_declare.o(.data)
    g_stGM_Nip1_R_PosPID                     0x200003e0   Data          68  global_declare.o(.data)
    g_stGM_Nip1_R_SpeedPID                   0x20000424   Data          68  global_declare.o(.data)
    g_stGM_Nip2_PosPID                       0x20000468   Data          68  global_declare.o(.data)
    g_stGM_Nip2_SpeedPID                     0x200004ac   Data          68  global_declare.o(.data)
    g_stGM_Nip2_R_PosPID                     0x200004f0   Data          68  global_declare.o(.data)
    g_stGM_Nip2_R_SpeedPID                   0x20000534   Data          68  global_declare.o(.data)
    g_stGM_Limit_PosPID                      0x20000578   Data          68  global_declare.o(.data)
    g_stGM_Limit_SpeedPID                    0x200005bc   Data          68  global_declare.o(.data)
    g_stGM_Fri1_PosPID                       0x20000600   Data          68  global_declare.o(.data)
    g_stGM_Fri1_SpeedPID                     0x20000644   Data          68  global_declare.o(.data)
    g_stGM_Fri2_PosPID                       0x20000688   Data          68  global_declare.o(.data)
    g_stGM_Fri2_SpeedPID                     0x200006cc   Data          68  global_declare.o(.data)
    g_stGM_Yaw1_PosPID                       0x20000710   Data          68  global_declare.o(.data)
    g_stGM_Yaw1_SpeedPID                     0x20000754   Data          68  global_declare.o(.data)
    g_stGM_Yaw2_PosPID                       0x20000798   Data          68  global_declare.o(.data)
    g_stGM_Yaw2_SpeedPID                     0x200007dc   Data          68  global_declare.o(.data)
    g_stGM_Ground_PosPID                     0x20000820   Data          68  global_declare.o(.data)
    g_stGM_Ground_SpeedPID                   0x20000864   Data          68  global_declare.o(.data)
    Nip1_Current                             0x200008a8   Data           2  global_declare.o(.data)
    Limit_Current                            0x200008aa   Data           2  global_declare.o(.data)
    Fri1_Current                             0x200008ac   Data           2  global_declare.o(.data)
    Fri2_Current                             0x200008ae   Data           2  global_declare.o(.data)
    Yaw1_Current                             0x200008b0   Data           2  global_declare.o(.data)
    Yaw2_Current                             0x200008b2   Data           2  global_declare.o(.data)
    Ground_Current                           0x200008b4   Data           2  global_declare.o(.data)
    ErrNip1                                  0x200008b8   Data           4  global_declare.o(.data)
    ErrNip1_R                                0x200008bc   Data           4  global_declare.o(.data)
    ErrNip2                                  0x200008c0   Data           4  global_declare.o(.data)
    ErrNip2_R                                0x200008c4   Data           4  global_declare.o(.data)
    ErrFri1                                  0x200008c8   Data           4  global_declare.o(.data)
    ErrFri2                                  0x200008cc   Data           4  global_declare.o(.data)
    ErrLimit                                 0x200008d0   Data           4  global_declare.o(.data)
    ErrYaw1                                  0x200008d4   Data           4  global_declare.o(.data)
    ErrYaw2                                  0x200008d8   Data           4  global_declare.o(.data)
    ErrGound                                 0x200008dc   Data           4  global_declare.o(.data)
    Nip1_first                               0x200008e0   Data           1  global_declare.o(.data)
    Nip1_R_first                             0x200008e1   Data           1  global_declare.o(.data)
    Nip2_first                               0x200008e2   Data           1  global_declare.o(.data)
    Nip2_R_first                             0x200008e3   Data           1  global_declare.o(.data)
    Fri1_first                               0x200008e4   Data           1  global_declare.o(.data)
    Fri2_first                               0x200008e5   Data           1  global_declare.o(.data)
    Limit_first                              0x200008e6   Data           1  global_declare.o(.data)
    Yaw1_first                               0x200008e7   Data           1  global_declare.o(.data)
    Yaw2_first                               0x200008e8   Data           1  global_declare.o(.data)
    QR_One                                   0x200008e9   Data           1  global_declare.o(.data)
    QR_Two                                   0x200008ea   Data           1  global_declare.o(.data)
    Get_One_State                            0x200008eb   Data           1  global_declare.o(.data)
    Get_Auto_State                           0x200008ec   Data           1  global_declare.o(.data)
    Get_Auto2_State                          0x200008ed   Data           1  global_declare.o(.data)
    Ready_Third_State                        0x200008ee   Data           1  global_declare.o(.data)
    Get_Third_State                          0x200008ef   Data           1  global_declare.o(.data)
    Search_QR_State                          0x200008f0   Data           1  global_declare.o(.data)
    Ex_One_State                             0x200008f1   Data           1  global_declare.o(.data)
    Ex_Two_State                             0x200008f2   Data           1  global_declare.o(.data)
    Ex_Three_State                           0x200008f3   Data           1  global_declare.o(.data)
    Reset_Nip_State                          0x200008f4   Data           1  global_declare.o(.data)
    Nip1_Reset_State                         0x200008f5   Data           1  global_declare.o(.data)
    Get_Ground_State                         0x200008f6   Data           1  global_declare.o(.data)
    Fri_180_State                            0x200008f7   Data           1  global_declare.o(.data)
    Return_Ex_State                          0x200008f8   Data           1  global_declare.o(.data)
    Return_Third_State                       0x200008f9   Data           1  global_declare.o(.data)
    Adjust_State                             0x200008fa   Data           1  global_declare.o(.data)
    Get_One_Action                           0x200008fb   Data           1  global_declare.o(.data)
    Get_Third_Action                         0x200008fc   Data           1  global_declare.o(.data)
    Get_Auto_Action                          0x200008fd   Data           1  global_declare.o(.data)
    No_Current_Flag                          0x200008fe   Data           1  global_declare.o(.data)
    No_Lift_Current_Flag                     0x200008ff   Data           1  global_declare.o(.data)
    No_Nip_Current_Flag                      0x20000900   Data           1  global_declare.o(.data)
    No_Fri_Current_Flag                      0x20000901   Data           1  global_declare.o(.data)
    No_Current_Reset_Flag                    0x20000902   Data           1  global_declare.o(.data)
    ReadyToThird                             0x20000903   Data           1  global_declare.o(.data)
    Limit_flag                               0x20000904   Data           4  global_declare.o(.data)
    Nip1out_flag                             0x20000908   Data           1  global_declare.o(.data)
    PhotoGateGBR_num                         0x2000090c   Data           4  global_declare.o(.data)
    g_stGM_LF_PosPID                         0x20000910   Data          68  global_declare.o(.data)
    g_stGM_LB_PosPID                         0x20000954   Data          68  global_declare.o(.data)
    g_stGM_RF_PosPID                         0x20000998   Data          68  global_declare.o(.data)
    g_stGM_RB_PosPID                         0x200009dc   Data          68  global_declare.o(.data)
    g_stGM_LF_SpeedPID                       0x20000a20   Data          68  global_declare.o(.data)
    g_stGM_LB_SpeedPID                       0x20000a64   Data          68  global_declare.o(.data)
    g_stGM_RF_SpeedPID                       0x20000aa8   Data          68  global_declare.o(.data)
    g_stGM_RB_SpeedPID                       0x20000aec   Data          68  global_declare.o(.data)
    g_stLF_Encoder                           0x20000b30   Data          28  global_declare.o(.data)
    g_stLB_Encoder                           0x20000b4c   Data          28  global_declare.o(.data)
    g_stRF_Encoder                           0x20000b68   Data          28  global_declare.o(.data)
    g_stRB_Encoder                           0x20000b84   Data          28  global_declare.o(.data)
    Chassis_Des                              0x20000ba0   Data           4  global_declare.o(.data)
    LF_Current                               0x20000ba4   Data           2  global_declare.o(.data)
    LB_Current                               0x20000ba6   Data           2  global_declare.o(.data)
    RF_Current                               0x20000ba8   Data           2  global_declare.o(.data)
    RB_Current                               0x20000baa   Data           2  global_declare.o(.data)
    Direction                                0x20000bac   Data           1  global_declare.o(.data)
    Direction_U                              0x20000bad   Data           1  global_declare.o(.data)
    view_angle                               0x20000bae   Data           1  global_declare.o(.data)
    view_state                               0x20000baf   Data           1  global_declare.o(.data)
    view_direction                           0x20000bb0   Data           1  global_declare.o(.data)
    View_Distance_led                        0x20000bb4   Data           4  global_declare.o(.data)
    View_Distance_close                      0x20000bb8   Data           4  global_declare.o(.data)
    View_Run                                 0x20000bbc   Data           1  global_declare.o(.data)
    View_Run_angle                           0x20000bbd   Data           1  global_declare.o(.data)
    Com_Distance_led                         0x20000bc0   Data           4  global_declare.o(.data)
    g_stGM_View_PosPID                       0x20000bc4   Data          68  global_declare.o(.data)
    st_ChassisTheta                          0x20000c08   Data          68  global_declare.o(.data)
    st_ChassisYPosPID                        0x20000c4c   Data          68  global_declare.o(.data)
    g_stOB1_PosPID                           0x20000c90   Data          68  global_declare.o(.data)
    g_stOB2_PosPID                           0x20000cd4   Data          68  global_declare.o(.data)
    g_stOB1_SpeedPID                         0x20000d18   Data          68  global_declare.o(.data)
    g_stOB2_SpeedPID                         0x20000d5c   Data          68  global_declare.o(.data)
    g_stOB1_Encoder                          0x20000da0   Data          28  global_declare.o(.data)
    g_stOB2_Encoder                          0x20000dbc   Data          28  global_declare.o(.data)
    Obstacle_Current1                        0x20000dd8   Data           2  global_declare.o(.data)
    Obstacle_Current2                        0x20000dda   Data           2  global_declare.o(.data)
    Obstacle_Run_State                       0x20000ddc   Data           1  global_declare.o(.data)
    Obstacle_Reset_State                     0x20000ddd   Data           1  global_declare.o(.data)
    OB1_first                                0x20000dde   Data           1  global_declare.o(.data)
    OB2_first                                0x20000ddf   Data           1  global_declare.o(.data)
    ErrOB1                                   0x20000de0   Data           4  global_declare.o(.data)
    ErrOB2                                   0x20000de4   Data           4  global_declare.o(.data)
    ReadyToMove                              0x20000de8   Data           1  global_declare.o(.data)
    LockTheChassis                           0x20000de9   Data           1  global_declare.o(.data)
    PhotoGateGBL                             0x20000dea   Data           1  global_declare.o(.data)
    PhotoGateGBR                             0x20000deb   Data           1  global_declare.o(.data)
    time3                                    0x20000dec   Data           4  global_declare.o(.data)
    searchflag                               0x20000df0   Data           1  global_declare.o(.data)
    DuctState                                0x20000df1   Data           1  global_declare.o(.data)
    transferState                            0x20000df2   Data           1  global_declare.o(.data)
    transferState_Up                         0x20000df3   Data           1  global_declare.o(.data)
    wirelessState                            0x20000df4   Data           1  global_declare.o(.data)
    USART6_tx                                0x20000df5   Data           6  global_declare.o(.data)
    test_Flag                                0x20000dfb   Data           1  global_declare.o(.data)
    start_flag                               0x20000dfc   Data           1  global_declare.o(.data)
    restart                                  0x20000dfd   Data           1  global_declare.o(.data)
    g_uiAirValve                             0x20000e00   Data           4  global_declare.o(.data)
    test_air_open                            0x20000e04   Data           4  global_declare.o(.data)
    test_air_close                           0x20000e08   Data           4  global_declare.o(.data)
    g_usSwitch                               0x20000e0c   Data           2  global_declare.o(.data)
    g_usSwitchPre                            0x20000e0e   Data           2  global_declare.o(.data)
    PRESSED_W                                0x20000e10   Data           1  global_declare.o(.data)
    PRESSED_S                                0x20000e11   Data           1  global_declare.o(.data)
    PRESSED_A                                0x20000e12   Data           1  global_declare.o(.data)
    PRESSED_D                                0x20000e13   Data           1  global_declare.o(.data)
    PRESSED_SHIFT                            0x20000e14   Data           1  global_declare.o(.data)
    PRESSED_CTRL                             0x20000e15   Data           1  global_declare.o(.data)
    PRESSED_Q                                0x20000e16   Data           1  global_declare.o(.data)
    PRESSED_E                                0x20000e17   Data           1  global_declare.o(.data)
    PRESSED_R                                0x20000e18   Data           1  global_declare.o(.data)
    PRESSED_F                                0x20000e19   Data           1  global_declare.o(.data)
    PRESSED_G                                0x20000e1a   Data           1  global_declare.o(.data)
    PRESSED_Z                                0x20000e1b   Data           1  global_declare.o(.data)
    PRESSED_X                                0x20000e1c   Data           1  global_declare.o(.data)
    PRESSED_C                                0x20000e1d   Data           1  global_declare.o(.data)
    PRESSED_V                                0x20000e1e   Data           1  global_declare.o(.data)
    PRESSED_B                                0x20000e1f   Data           1  global_declare.o(.data)
    PRESSED_RIGHT                            0x20000e20   Data           1  global_declare.o(.data)
    PRESSED_LEFT                             0x20000e21   Data           1  global_declare.o(.data)
    PRESSED_CH0                              0x20000e22   Data           1  global_declare.o(.data)
    PRESSED_CH1                              0x20000e23   Data           1  global_declare.o(.data)
    PRESSED_CH2                              0x20000e24   Data           1  global_declare.o(.data)
    PRESSED_CH3                              0x20000e25   Data           1  global_declare.o(.data)
    BSP_Init_FLAG                            0x20000e26   Data           1  global_declare.o(.data)
    Custom_Get_Data                          0x20000e27   Data           1  global_declare.o(.data)
    test_engine_des                          0x20000e28   Data           4  global_declare.o(.data)
    Action_Flag                              0x20000e2c   Data           1  global_declare.o(.data)
    UA4RxDMAbuf                              0x20000e30   Data           8  usart.o(.data)
    UA5RxDMAbuf                              0x20000e38   Data           8  usart.o(.data)
    UA6TxDMAbuf                              0x20000e40   Data           6  usart.o(.data)
    USART1_Rcr                               0x20000e48   Data          28  usart.o(.data)
    USART2_Rcr                               0x20000e64   Data          28  usart.o(.data)
    RX_Status                                0x20000e80   Data           1  usart.o(.data)
    data                                     0x20000e81   Data           1  usart.o(.data)
    dataLength                               0x20000e82   Data           2  usart.o(.data)
    dataID                                   0x20000e84   Data           1  usart.o(.data)
    bufNum                                   0x20000e85   Data           1  usart.o(.data)
    system_monitor                           0x20000e98   Data         176  global_declare.o(.bss)
    Gy53_DataL                               0x20000f48   Data          16  global_declare.o(.bss)
    Gy53_DataR                               0x20000f58   Data          16  global_declare.o(.bss)
    st_velt                                  0x20000f68   Data          12  global_declare.o(.bss)
    st_deltaX                                0x20000f74   Data          12  global_declare.o(.bss)
    USART3_rx                                0x20000f80   Data          52  global_declare.o(.bss)
    USART3_tx                                0x20000fb4   Data          20  global_declare.o(.bss)
    USART6_rx_now                            0x20000fc8   Data          20  global_declare.o(.bss)
    CAN1_RxMsg                               0x20000fdc   Data          20  global_declare.o(.bss)
    CAN2_RxMsg                               0x20000ff0   Data          20  global_declare.o(.bss)
    sbus_rx_buffer                           0x20001004   Data          36  led.o(.bss)
    UA1RxDMAbuf                              0x2000103c   Data         250  usart.o(.bss)
    UA1RxMailbox                             0x20001136   Data         250  usart.o(.bss)
    UA2RxDMAbuf                              0x20001230   Data       10000  usart.o(.bss)
    UA2RxMailbox                             0x20003940   Data       10000  usart.o(.bss)
    UA3RxDMAbuf                              0x20006050   Data          52  usart.o(.bss)
    UA3TxDMAbuf                              0x20006084   Data          20  usart.o(.bss)
    UA4TxDMAbuf                              0x20006098   Data          36  usart.o(.bss)
    UA5TxDMAbuf                              0x200060bc   Data          36  usart.o(.bss)
    UA6RxDMAbuf                              0x200060e0   Data          18  usart.o(.bss)
    RX_Buf                                   0x200060f2   Data         250  usart.o(.bss)
    __libspace_start                         0x200061ec   Data          96  libspace.o(.bss)
    __temporary_stack_top$libspace           0x2000624c   Data           0  libspace.o(.bss)



==============================================================================

Memory Map of the image

  Image Entry point : 0x08000189

  Load Region LR_IROM1 (Base: 0x08000000, Size: 0x00003c40, Max: 0x00080000, ABSOLUTE, COMPRESSED[0x00002f2c])

    Execution Region ER_IROM1 (Base: 0x08000000, Size: 0x00002da8, Max: 0x00080000, ABSOLUTE)

    Base Addr    Size         Type   Attr      Idx    E Section Name        Object

    0x08000000   0x00000188   Data   RO         1234    RESET               startup_stm32f40_41xxx.o
    0x08000188   0x00000008   Code   RO         2529  * !!!main             c_w.l(__main.o)
    0x08000190   0x00000034   Code   RO         2788    !!!scatter          c_w.l(__scatter.o)
    0x080001c4   0x0000005a   Code   RO         2786    !!dczerorl2         c_w.l(__dczerorl2.o)
    0x0800021e   0x00000002   PAD
    0x08000220   0x0000001c   Code   RO         2790    !!handler_zi        c_w.l(__scatter_zi.o)
    0x0800023c   0x00000002   Code   RO         2659    .ARM.Collect$$libinit$$00000000  c_w.l(libinit.o)
    0x0800023e   0x00000004   Code   RO         2662    .ARM.Collect$$libinit$$00000001  c_w.l(libinit2.o)
    0x08000242   0x00000000   Code   RO         2665    .ARM.Collect$$libinit$$00000004  c_w.l(libinit2.o)
    0x08000242   0x00000000   Code   RO         2668    .ARM.Collect$$libinit$$0000000A  c_w.l(libinit2.o)
    0x08000242   0x00000000   Code   RO         2670    .ARM.Collect$$libinit$$0000000C  c_w.l(libinit2.o)
    0x08000242   0x00000000   Code   RO         2672    .ARM.Collect$$libinit$$0000000E  c_w.l(libinit2.o)
    0x08000242   0x00000000   Code   RO         2675    .ARM.Collect$$libinit$$00000011  c_w.l(libinit2.o)
    0x08000242   0x00000000   Code   RO         2677    .ARM.Collect$$libinit$$00000013  c_w.l(libinit2.o)
    0x08000242   0x00000000   Code   RO         2679    .ARM.Collect$$libinit$$00000015  c_w.l(libinit2.o)
    0x08000242   0x00000000   Code   RO         2681    .ARM.Collect$$libinit$$00000017  c_w.l(libinit2.o)
    0x08000242   0x00000000   Code   RO         2683    .ARM.Collect$$libinit$$00000019  c_w.l(libinit2.o)
    0x08000242   0x00000000   Code   RO         2685    .ARM.Collect$$libinit$$0000001B  c_w.l(libinit2.o)
    0x08000242   0x00000000   Code   RO         2687    .ARM.Collect$$libinit$$0000001D  c_w.l(libinit2.o)
    0x08000242   0x00000000   Code   RO         2689    .ARM.Collect$$libinit$$0000001F  c_w.l(libinit2.o)
    0x08000242   0x00000000   Code   RO         2691    .ARM.Collect$$libinit$$00000021  c_w.l(libinit2.o)
    0x08000242   0x00000000   Code   RO         2693    .ARM.Collect$$libinit$$00000023  c_w.l(libinit2.o)
    0x08000242   0x00000000   Code   RO         2695    .ARM.Collect$$libinit$$00000025  c_w.l(libinit2.o)
    0x08000242   0x00000000   Code   RO         2699    .ARM.Collect$$libinit$$0000002C  c_w.l(libinit2.o)
    0x08000242   0x00000000   Code   RO         2701    .ARM.Collect$$libinit$$0000002E  c_w.l(libinit2.o)
    0x08000242   0x00000000   Code   RO         2703    .ARM.Collect$$libinit$$00000030  c_w.l(libinit2.o)
    0x08000242   0x00000000   Code   RO         2705    .ARM.Collect$$libinit$$00000032  c_w.l(libinit2.o)
    0x08000242   0x00000002   Code   RO         2706    .ARM.Collect$$libinit$$00000033  c_w.l(libinit2.o)
    0x08000244   0x00000002   Code   RO         2726    .ARM.Collect$$libshutdown$$00000000  c_w.l(libshutdown.o)
    0x08000246   0x00000000   Code   RO         2739    .ARM.Collect$$libshutdown$$00000002  c_w.l(libshutdown2.o)
    0x08000246   0x00000000   Code   RO         2741    .ARM.Collect$$libshutdown$$00000004  c_w.l(libshutdown2.o)
    0x08000246   0x00000000   Code   RO         2744    .ARM.Collect$$libshutdown$$00000007  c_w.l(libshutdown2.o)
    0x08000246   0x00000000   Code   RO         2747    .ARM.Collect$$libshutdown$$0000000A  c_w.l(libshutdown2.o)
    0x08000246   0x00000000   Code   RO         2749    .ARM.Collect$$libshutdown$$0000000C  c_w.l(libshutdown2.o)
    0x08000246   0x00000000   Code   RO         2752    .ARM.Collect$$libshutdown$$0000000F  c_w.l(libshutdown2.o)
    0x08000246   0x00000002   Code   RO         2753    .ARM.Collect$$libshutdown$$00000010  c_w.l(libshutdown2.o)
    0x08000248   0x00000000   Code   RO         2565    .ARM.Collect$$rtentry$$00000000  c_w.l(__rtentry.o)
    0x08000248   0x00000000   Code   RO         2610    .ARM.Collect$$rtentry$$00000002  c_w.l(__rtentry2.o)
    0x08000248   0x00000006   Code   RO         2622    .ARM.Collect$$rtentry$$00000004  c_w.l(__rtentry4.o)
    0x0800024e   0x00000000   Code   RO         2612    .ARM.Collect$$rtentry$$00000009  c_w.l(__rtentry2.o)
    0x0800024e   0x00000004   Code   RO         2613    .ARM.Collect$$rtentry$$0000000A  c_w.l(__rtentry2.o)
    0x08000252   0x00000000   Code   RO         2615    .ARM.Collect$$rtentry$$0000000C  c_w.l(__rtentry2.o)
    0x08000252   0x00000008   Code   RO         2616    .ARM.Collect$$rtentry$$0000000D  c_w.l(__rtentry2.o)
    0x0800025a   0x00000002   Code   RO         2660    .ARM.Collect$$rtexit$$00000000  c_w.l(rtexit.o)
    0x0800025c   0x00000000   Code   RO         2708    .ARM.Collect$$rtexit$$00000002  c_w.l(rtexit2.o)
    0x0800025c   0x00000004   Code   RO         2709    .ARM.Collect$$rtexit$$00000003  c_w.l(rtexit2.o)
    0x08000260   0x00000006   Code   RO         2710    .ARM.Collect$$rtexit$$00000004  c_w.l(rtexit2.o)
    0x08000266   0x00000002   PAD
    0x08000268   0x00000040   Code   RO         1235    .text               startup_stm32f40_41xxx.o
    0x080002a8   0x0000004e   Code   RO         2525    .text               c_w.l(rt_memclr_w.o)
    0x080002f6   0x00000006   Code   RO         2527    .text               c_w.l(heapauxi.o)
    0x080002fc   0x00000008   Code   RO         2647    .text               c_w.l(libspace.o)
    0x08000304   0x0000004a   Code   RO         2650    .text               c_w.l(sys_stackheap_outer.o)
    0x0800034e   0x00000012   Code   RO         2652    .text               c_w.l(exit.o)
    0x08000360   0x0000000c   Code   RO         2718    .text               c_w.l(sys_exit.o)
    0x0800036c   0x00000002   Code   RO         2729    .text               c_w.l(use_no_semi.o)
    0x0800036e   0x00000000   Code   RO         2731    .text               c_w.l(indicate_semi.o)
    0x0800036e   0x00000092   Code   RO         1150    i.Abs_Encoder_Process  can.o
    0x08000400   0x00000128   Code   RO         1151    i.CAN1_Configuration  can.o
    0x08000528   0x00000368   Code   RO         1152    i.CAN1_RX0_IRQHandler  can.o
    0x08000890   0x0000001c   Code   RO         1153    i.CAN1_TX_IRQHandler  can.o
    0x080008ac   0x00000134   Code   RO         1154    i.CAN2_Configuration  can.o
    0x080009e0   0x00000388   Code   RO         1155    i.CAN2_RX0_IRQHandler  can.o
    0x08000d68   0x0000001c   Code   RO         1156    i.CAN2_TX_IRQHandler  can.o
    0x08000d84   0x000000a8   Code   RO          682    i.CAN_ClearITPendingBit  stm32f4xx_can.o
    0x08000e2c   0x00000038   Code   RO          684    i.CAN_DeInit        stm32f4xx_can.o
    0x08000e64   0x00000108   Code   RO          686    i.CAN_FilterInit    stm32f4xx_can.o
    0x08000f6c   0x00000120   Code   RO          688    i.CAN_GetITStatus   stm32f4xx_can.o
    0x0800108c   0x00000012   Code   RO          692    i.CAN_ITConfig      stm32f4xx_can.o
    0x0800109e   0x00000114   Code   RO          693    i.CAN_Init          stm32f4xx_can.o
    0x080011b2   0x000000f0   Code   RO          696    i.CAN_Receive       stm32f4xx_can.o
    0x080012a2   0x00000066   Code   RO         1157    i.CAN_Send          can.o
    0x08001308   0x00000020   Code   RO          699    i.CAN_StructInit    stm32f4xx_can.o
    0x08001328   0x00000126   Code   RO          701    i.CAN_Transmit      stm32f4xx_can.o
    0x0800144e   0x0000014c   Code   RO          887    i.CalIWeakenPID     general_math.o
    0x0800159a   0x00000012   Code   RO          704    i.CheckITStatus     stm32f4xx_can.o
    0x080015ac   0x0000002a   Code   RO          888    i.Clip              general_math.o
    0x080015d6   0x00000016   Code   RO          362    i.DMA_Cmd           stm32f4xx_dma.o
    0x080015ec   0x00000158   Code   RO          363    i.DMA_DeInit        stm32f4xx_dma.o
    0x08001744   0x00000014   Code   RO          367    i.DMA_GetCmdStatus  stm32f4xx_dma.o
    0x08001758   0x00000008   Code   RO          368    i.DMA_GetCurrDataCounter  stm32f4xx_dma.o
    0x08001760   0x00000014   Code   RO          369    i.DMA_GetCurrentMemoryTarget  stm32f4xx_dma.o
    0x08001774   0x0000003a   Code   RO          373    i.DMA_ITConfig      stm32f4xx_dma.o
    0x080017ae   0x00000002   PAD
    0x080017b0   0x00000058   Code   RO          374    i.DMA_Init          stm32f4xx_dma.o
    0x08001808   0x00000090   Code   RO         1286    i.GPIO_Init         stm32f4xx_gpio.o
    0x08001898   0x00000046   Code   RO         1287    i.GPIO_PinAFConfig  stm32f4xx_gpio.o
    0x080018de   0x0000000c   Code   RO         1158    i.Get_Encoder_Number  can.o
    0x080018ea   0x0000002a   Code   RO         1159    i.Get_Speed         can.o
    0x08001914   0x00000078   Code   RO         1241    i.NVIC_Init         misc.o
    0x0800198c   0x00000014   Code   RO         1242    i.NVIC_PriorityGroupConfig  misc.o
    0x080019a0   0x00000020   Code   RO         1383    i.RCC_AHB1PeriphClockCmd  stm32f4xx_rcc.o
    0x080019c0   0x00000020   Code   RO         1392    i.RCC_APB1PeriphClockCmd  stm32f4xx_rcc.o
    0x080019e0   0x00000020   Code   RO         1394    i.RCC_APB1PeriphResetCmd  stm32f4xx_rcc.o
    0x08001a00   0x00000020   Code   RO         1395    i.RCC_APB2PeriphClockCmd  stm32f4xx_rcc.o
    0x08001a20   0x00000020   Code   RO         1397    i.RCC_APB2PeriphResetCmd  stm32f4xx_rcc.o
    0x08001a40   0x000000e8   Code   RO         1404    i.RCC_GetClocksFreq  stm32f4xx_rcc.o
    0x08001b28   0x000000a0   Code   RO          844    i.RemoteDataProcess  led.o
    0x08001bc8   0x000000ec   Code   RO          226    i.SetSysClock       system_stm32f4xx.o
    0x08001cb4   0x00000028   Code   RO         1245    i.SysTick_CLKSourceConfig  misc.o
    0x08001cdc   0x0000003c   Code   RO            3    i.SysTick_Handler   stm32f4xx_it.o
    0x08001d18   0x00000068   Code   RO          228    i.SystemInit        system_stm32f4xx.o
    0x08001d80   0x00000194   Code   RO         1059    i.UART4_Init        usart.o
    0x08001f14   0x00000190   Code   RO         1060    i.UART5_Init        usart.o
    0x080020a4   0x00000098   Code   RO          845    i.USART1_IRQHandler  led.o
    0x0800213c   0x000001a8   Code   RO         1062    i.USART1_Init       usart.o
    0x080022e4   0x00000194   Code   RO         1064    i.USART2_Init       usart.o
    0x08002478   0x00000180   Code   RO         1065    i.USART3_Init       usart.o
    0x080025f8   0x00000190   Code   RO         1066    i.USART6_Init       usart.o
    0x08002788   0x00000018   Code   RO         1777    i.USART_Cmd         stm32f4xx_usart.o
    0x080027a0   0x00000012   Code   RO         1778    i.USART_DMACmd      stm32f4xx_usart.o
    0x080027b2   0x00000002   PAD
    0x080027b4   0x000000f0   Code   RO         1779    i.USART_DeInit      stm32f4xx_usart.o
    0x080028a4   0x00000054   Code   RO         1781    i.USART_GetITStatus  stm32f4xx_usart.o
    0x080028f8   0x0000004a   Code   RO         1783    i.USART_ITConfig    stm32f4xx_usart.o
    0x08002942   0x00000002   PAD
    0x08002944   0x000000d4   Code   RO         1784    i.USART_Init        stm32f4xx_usart.o
    0x08002a18   0x00000014   Code   RO         2547    i.__hardfp_fabs     m_wm.l(fabs.o)
    0x08002a2c   0x00000138   Code   RO          153    i.main              main.o
    0x08002b64   0x00000018   Code   RO         2570    x$fpl$dcmpinf       fz_wm.l(dcmpi.o)
    0x08002b7c   0x00000078   Code   RO         2539    x$fpl$dleqf         fz_wm.l(dleqf.o)
    0x08002bf4   0x0000009c   Code   RO         2572    x$fpl$dnaninf       fz_wm.l(dnaninf.o)
    0x08002c90   0x0000000c   Code   RO         2574    x$fpl$dretinf       fz_wm.l(dretinf.o)
    0x08002c9c   0x00000056   Code   RO         2545    x$fpl$f2d           fz_wm.l(f2d.o)
    0x08002cf2   0x0000008c   Code   RO         2576    x$fpl$fnaninf       fz_wm.l(fnaninf.o)
    0x08002d7e   0x0000000a   Code   RO         2716    x$fpl$fpinit        fz_wm.l(fpinit.o)
    0x08002d88   0x00000000   Code   RO         2580    x$fpl$usenofp       fz_wm.l(usenofp.o)
    0x08002d88   0x00000020   Data   RO         2784    Region$$Table       anon$$obj.o


    Execution Region RW_IRAM1 (Base: 0x20000000, Size: 0x00006850, Max: 0x00020000, ABSOLUTE, COMPRESSED[0x00000184])

    Base Addr    Size         Type   Attr      Idx    E Section Name        Object

    0x20000000   0x00000038   Data   RW          154    .data               main.o
    0x20000038   0x00000df5   Data   RW          646    .data               global_declare.o
    0x20000e2d   0x00000003   PAD
    0x20000e30   0x00000056   Data   RW         1070    .data               usart.o
    0x20000e86   0x00000010   Data   RW         1436    .data               stm32f4xx_rcc.o
    0x20000e96   0x00000002   PAD
    0x20000e98   0x0000016c   Zero   RW          645    .bss                global_declare.o
    0x20001004   0x00000038   Zero   RW          846    .bss                led.o
    0x2000103c   0x000051b0   Zero   RW         1069    .bss                usart.o
    0x200061ec   0x00000060   Zero   RW         2648    .bss                c_w.l(libspace.o)
    0x2000624c   0x00000004   PAD
    0x20006250   0x00000200   Zero   RW         1233    HEAP                startup_stm32f40_41xxx.o
    0x20006450   0x00000400   Zero   RW         1232    STACK               startup_stm32f40_41xxx.o


==============================================================================

Image component sizes


      Code (inc. data)   RO Data    RW Data    ZI Data      Debug   Object Name

      2738        256          0          0          0      20800   can.o
       374          0          0          0          0       1607   general_math.o
         0          0          0       3573        364      16868   global_declare.o
       312         18          0          0         56       2421   led.o
       312         60          0         56          0     265162   main.o
       180         24          0          0          0       1993   misc.o
        64         26        392          0       1536        816   startup_stm32f40_41xxx.o
      1654         22          0          0          0       7312   stm32f4xx_can.o
       560         26          0          0          0     242690   stm32f4xx_dma.o
       214          0          0          0          0       1703   stm32f4xx_gpio.o
        60         16          0          0          0      13446   stm32f4xx_it.o
       392         48          0         16          0       5629   stm32f4xx_rcc.o
       652         42          0          0          0       4840   stm32f4xx_usart.o
       340         32          0          0          0     277769   system_stm32f4xx.o
      2416        124          0         86      20912       8303   usart.o

    ----------------------------------------------------------------------
     10274        694        424       3736      22868     871359   Object Totals
         0          0         32          0          0          0   (incl. Generated)
         6          0          0          5          0          0   (incl. Padding)

    ----------------------------------------------------------------------

      Code (inc. data)   RO Data    RW Data    ZI Data      Debug   Library Member Name

        90          0          0          0          0          0   __dczerorl2.o
         8          0          0          0          0         68   __main.o
         0          0          0          0          0          0   __rtentry.o
        12          0          0          0          0          0   __rtentry2.o
         6          0          0          0          0          0   __rtentry4.o
        52          8          0          0          0          0   __scatter.o
        28          0          0          0          0          0   __scatter_zi.o
        18          0          0          0          0         80   exit.o
         6          0          0          0          0        152   heapauxi.o
         0          0          0          0          0          0   indicate_semi.o
         2          0          0          0          0          0   libinit.o
         6          0          0          0          0          0   libinit2.o
         2          0          0          0          0          0   libshutdown.o
         2          0          0          0          0          0   libshutdown2.o
         8          4          0          0         96         68   libspace.o
        78          0          0          0          0         80   rt_memclr_w.o
         2          0          0          0          0          0   rtexit.o
        10          0          0          0          0          0   rtexit2.o
        12          4          0          0          0         68   sys_exit.o
        74          0          0          0          0         80   sys_stackheap_outer.o
         2          0          0          0          0         68   use_no_semi.o
        24          0          0          0          0        116   dcmpi.o
       120          4          0          0          0        140   dleqf.o
       156          4          0          0          0        140   dnaninf.o
        12          0          0          0          0        116   dretinf.o
        86          4          0          0          0        132   f2d.o
       140          4          0          0          0        132   fnaninf.o
        10          0          0          0          0        116   fpinit.o
         0          0          0          0          0          0   usenofp.o
        20          0          0          0          0        124   fabs.o

    ----------------------------------------------------------------------
       990         32          0          0        100       1680   Library Totals
         4          0          0          0          4          0   (incl. Padding)

    ----------------------------------------------------------------------

      Code (inc. data)   RO Data    RW Data    ZI Data      Debug   Library Name

       418         16          0          0         96        664   c_w.l
       548         16          0          0          0        892   fz_wm.l
        20          0          0          0          0        124   m_wm.l

    ----------------------------------------------------------------------
       990         32          0          0        100       1680   Library Totals

    ----------------------------------------------------------------------

==============================================================================


      Code (inc. data)   RO Data    RW Data    ZI Data      Debug   

     11264        726        424       3736      22968     866931   Grand Totals
     11264        726        424        388      22968     866931   ELF Image Totals (compressed)
     11264        726        424        388          0          0   ROM Totals

==============================================================================

    Total RO  Size (Code + RO Data)                11688 (  11.41kB)
    Total RW  Size (RW Data + ZI Data)             26704 (  26.08kB)
    Total ROM Size (Code + RO Data + RW Data)      12076 (  11.79kB)

==============================================================================

